Archive member included to satisfy reference by file (symbol)

/usr/lib/gcc/arm-none-eabi/12.2.0/../../../../arm-none-eabi/lib/libm.a(libm_a-w_acos.o)
                              obj/main.o (acos)
/usr/lib/gcc/arm-none-eabi/12.2.0/../../../../arm-none-eabi/lib/libm.a(libm_a-w_sqrt.o)
                              obj/main.o (sqrt)
/usr/lib/gcc/arm-none-eabi/12.2.0/../../../../arm-none-eabi/lib/libm.a(libm_a-s_fabs.o)
                              /usr/lib/gcc/arm-none-eabi/12.2.0/../../../../arm-none-eabi/lib/libm.a(libm_a-w_acos.o) (fabs)
/usr/lib/gcc/arm-none-eabi/12.2.0/../../../../arm-none-eabi/lib/libm.a(libm_a-wf_atan2.o)
                              obj/main.o (atan2f)
/usr/lib/gcc/arm-none-eabi/12.2.0/../../../../arm-none-eabi/lib/libm.a(libm_a-s_nan.o)
                              /usr/lib/gcc/arm-none-eabi/12.2.0/../../../../arm-none-eabi/lib/libm.a(libm_a-w_acos.o) (nan)
/usr/lib/gcc/arm-none-eabi/12.2.0/../../../../arm-none-eabi/lib/libm.a(libm_a-e_sqrt.o)
                              /usr/lib/gcc/arm-none-eabi/12.2.0/../../../../arm-none-eabi/lib/libm.a(libm_a-w_sqrt.o) (__ieee754_sqrt)
/usr/lib/gcc/arm-none-eabi/12.2.0/../../../../arm-none-eabi/lib/libm.a(libm_a-e_acos.o)
                              /usr/lib/gcc/arm-none-eabi/12.2.0/../../../../arm-none-eabi/lib/libm.a(libm_a-w_acos.o) (__ieee754_acos)
/usr/lib/gcc/arm-none-eabi/12.2.0/../../../../arm-none-eabi/lib/libm.a(libm_a-ef_atan2.o)
                              /usr/lib/gcc/arm-none-eabi/12.2.0/../../../../arm-none-eabi/lib/libm.a(libm_a-wf_atan2.o) (__ieee754_atan2f)
/usr/lib/gcc/arm-none-eabi/12.2.0/../../../../arm-none-eabi/lib/libm.a(libm_a-sf_atan.o)
                              /usr/lib/gcc/arm-none-eabi/12.2.0/../../../../arm-none-eabi/lib/libm.a(libm_a-ef_atan2.o) (atanf)
/usr/lib/gcc/arm-none-eabi/12.2.0/../../../../arm-none-eabi/lib/libm.a(libm_a-sf_fabs.o)
                              /usr/lib/gcc/arm-none-eabi/12.2.0/../../../../arm-none-eabi/lib/libm.a(libm_a-ef_atan2.o) (fabsf)
/usr/lib/gcc/arm-none-eabi/12.2.0/libgcc.a(_arm_muldf3.o)
                              obj/main.o (__aeabi_dmul)
/usr/lib/gcc/arm-none-eabi/12.2.0/libgcc.a(_arm_mulsf3.o)
                              /usr/lib/gcc/arm-none-eabi/12.2.0/../../../../arm-none-eabi/lib/libm.a(libm_a-sf_atan.o) (__aeabi_fmul)
/usr/lib/gcc/arm-none-eabi/12.2.0/libgcc.a(_arm_addsubdf3.o)
                              obj/main.o (__aeabi_dsub)
/usr/lib/gcc/arm-none-eabi/12.2.0/libgcc.a(_arm_muldivdf3.o)
                              obj/main.o (__aeabi_ddiv)
/usr/lib/gcc/arm-none-eabi/12.2.0/libgcc.a(_arm_cmpdf2.o)
                              /usr/lib/gcc/arm-none-eabi/12.2.0/../../../../arm-none-eabi/lib/libm.a(libm_a-w_sqrt.o) (__aeabi_dcmplt)
/usr/lib/gcc/arm-none-eabi/12.2.0/libgcc.a(_arm_unorddf2.o)
                              /usr/lib/gcc/arm-none-eabi/12.2.0/../../../../arm-none-eabi/lib/libm.a(libm_a-w_acos.o) (__aeabi_dcmpun)
/usr/lib/gcc/arm-none-eabi/12.2.0/libgcc.a(_arm_truncdfsf2.o)
                              obj/main.o (__aeabi_d2f)
/usr/lib/gcc/arm-none-eabi/12.2.0/libgcc.a(_arm_addsubsf3.o)
                              /usr/lib/gcc/arm-none-eabi/12.2.0/../../../../arm-none-eabi/lib/libm.a(libm_a-ef_atan2.o) (__aeabi_fsub)
/usr/lib/gcc/arm-none-eabi/12.2.0/libgcc.a(_arm_muldivsf3.o)
                              /usr/lib/gcc/arm-none-eabi/12.2.0/../../../../arm-none-eabi/lib/libm.a(libm_a-ef_atan2.o) (__aeabi_fdiv)
/usr/lib/gcc/arm-none-eabi/12.2.0/libgcc.a(_arm_cmpsf2.o)
                              /usr/lib/gcc/arm-none-eabi/12.2.0/../../../../arm-none-eabi/lib/libm.a(libm_a-sf_atan.o) (__aeabi_fcmpgt)
/usr/lib/gcc/arm-none-eabi/12.2.0/../../../../arm-none-eabi/lib/libc_nano.a(libc_a-atexit.o)
                              /usr/lib/gcc/arm-none-eabi/12.2.0/../../../../arm-none-eabi/lib/crt0.o (atexit)
/usr/lib/gcc/arm-none-eabi/12.2.0/../../../../arm-none-eabi/lib/libc_nano.a(libc_a-exit.o)
                              /usr/lib/gcc/arm-none-eabi/12.2.0/../../../../arm-none-eabi/lib/crt0.o (exit)
/usr/lib/gcc/arm-none-eabi/12.2.0/../../../../arm-none-eabi/lib/libc_nano.a(libc_a-findfp.o)
                              /usr/lib/gcc/arm-none-eabi/12.2.0/../../../../arm-none-eabi/lib/libc_nano.a(libc_a-exit.o) (__stdio_exit_handler)
/usr/lib/gcc/arm-none-eabi/12.2.0/../../../../arm-none-eabi/lib/libc_nano.a(libc_a-fwalk.o)
                              /usr/lib/gcc/arm-none-eabi/12.2.0/../../../../arm-none-eabi/lib/libc_nano.a(libc_a-findfp.o) (_fwalk_sglue)
/usr/lib/gcc/arm-none-eabi/12.2.0/../../../../arm-none-eabi/lib/libc_nano.a(libc_a-stdio.o)
                              /usr/lib/gcc/arm-none-eabi/12.2.0/../../../../arm-none-eabi/lib/libc_nano.a(libc_a-findfp.o) (__sread)
/usr/lib/gcc/arm-none-eabi/12.2.0/../../../../arm-none-eabi/lib/libc_nano.a(libc_a-memset.o)
                              /usr/lib/gcc/arm-none-eabi/12.2.0/../../../../arm-none-eabi/lib/crt0.o (memset)
[...]
Memory Configuration

Name             Origin             Length             Attributes
FLASH            0x08000000         0x00040000         xr
RAM              0x20000000         0x0000a000         xrw
MEMORY_B1        0x60000000         0x00000000         xr
CCMRAM           0x10000000         0x00002000         rw
*default*        0x00000000         0xffffffff

Linker script and memory map

LOAD /usr/lib/gcc/arm-none-eabi/12.2.0/crti.o
LOAD /usr/lib/gcc/arm-none-eabi/12.2.0/crtbegin.o
LOAD /usr/lib/gcc/arm-none-eabi/12.2.0/../../../../arm-none-eabi/lib/crt0.o
LOAD obj/main.o
LOAD obj/stm32f30x_it.o
LOAD obj/syscalls.o
LOAD obj/system_stm32f30x.o
LOAD obj/stm32f3_discovery.o
LOAD obj/stm32f3_discovery_l3gd20.o
LOAD obj/stm32f3_discovery_lsm303dlhc.o
LOAD obj/stm32f30x_misc.o
LOAD obj/stm32f30x_syscfg.o
LOAD obj/stm32f30x_gpio.o
LOAD obj/stm32f30x_i2c.o
LOAD obj/stm32f30x_rcc.o
LOAD obj/stm32f30x_spi.o
LOAD obj/stm32f30x_exti.o
LOAD obj/usb_istr.o
LOAD obj/usb_prop.o
LOAD obj/usb_pwr.o
LOAD obj/usb_endp.o
LOAD obj/usb_desc.o
LOAD obj/usb_core.o
LOAD obj/usb_init.o
LOAD obj/usb_int.o
LOAD obj/usb_mem.o
LOAD obj/usb_sil.o
LOAD obj/usb_regs.o
LOAD obj/hw_config.o
LOAD obj/startup_stm32f303xc.o
                0x2000a000                        _estack = 0x2000a000
                0x00000200                        _Min_Heap_Size = 0x200
                0x00000400                        _Min_Stack_Size = 0x400

.isr_vector     0x08000000      0x188
                0x08000000                        . = ALIGN (0x4)
 *(.isr_vector)
 .isr_vector    0x08000000      0x188 obj/startup_stm32f303xc.o
                0x08000000                g_pfnVectors
                0x08000188                        . = ALIGN (0x4)

.text           0x08000188     0x84e4
                0x08000188                        . = ALIGN (0x4)
 *(.text)
 .text          0x08000188      0x424 /usr/lib/gcc/arm-none-eabi/12.2.0/libgcc.a(_arm_addsubdf3.o)
                0x08000188                __aeabi_drsub
                0x08000190                __aeabi_dsub
                0x08000190                __subdf3
                0x08000194                __adddf3
                0x08000194                __aeabi_dadd
                0x080004a4                __aeabi_ui2d
                0x080004a4                __floatunsidf
                0x080004c8                __floatsidf
                0x080004c8                __aeabi_i2d
                0x080004f0                __extendsfdf2
                0x080004f0                __aeabi_f2d
                0x08000538                __aeabi_ul2d
                0x08000538                __floatundidf
                0x0800054c                __floatdidf
                0x0800054c                __aeabi_l2d
 .text          0x080005ac      0x49c /usr/lib/gcc/arm-none-eabi/12.2.0/libgcc.a(_arm_muldivdf3.o)
                0x080005ac                __aeabi_dmul
                0x080005ac                __muldf3
                0x0800083c                __aeabi_ddiv
                0x0800083c                __divdf3
 .text          0x08000a48      0x144 /usr/lib/gcc/arm-none-eabi/12.2.0/libgcc.a(_arm_cmpdf2.o)
                0x08000a48                __gtdf2
                0x08000a48                __gedf2
                0x08000a50                __ltdf2
                0x08000a50                __ledf2
                0x08000a58                __cmpdf2
                0x08000a58                __eqdf2
                0x08000a58                __nedf2
                0x08000ae0                __aeabi_cdrcmple
                0x08000afc                __aeabi_cdcmple
                0x08000afc                __aeabi_cdcmpeq
                0x08000b14                __aeabi_dcmpeq
                0x08000b2c                __aeabi_dcmplt
                0x08000b44                __aeabi_dcmple
                0x08000b5c                __aeabi_dcmpge
                0x08000b74                __aeabi_dcmpgt
 .text          0x08000b8c       0x38 /usr/lib/gcc/arm-none-eabi/12.2.0/libgcc.a(_arm_unorddf2.o)
                0x08000b8c                __aeabi_dcmpun
                0x08000b8c                __unorddf2
 .text          0x08000bc4       0xa0 /usr/lib/gcc/arm-none-eabi/12.2.0/libgcc.a(_arm_truncdfsf2.o)
                0x08000bc4                __aeabi_d2f
                0x08000bc4                __truncdfsf2
 .text          0x08000c64      0x2ac /usr/lib/gcc/arm-none-eabi/12.2.0/libgcc.a(_arm_addsubsf3.o)
                0x08000c64                __aeabi_frsub
                0x08000c6c                __subsf3
                0x08000c6c                __aeabi_fsub
                0x08000c70                __aeabi_fadd
                0x08000c70                __addsf3
                0x08000e2c                __aeabi_ui2f
                0x08000e2c                __floatunsisf
                0x08000e34                __aeabi_i2f
                0x08000e34                __floatsisf
                0x08000e54                __floatundisf
                0x08000e54                __aeabi_ul2f
                0x08000e64                __floatdisf
                0x08000e64                __aeabi_l2f
 .text          0x08000f10      0x2f8 /usr/lib/gcc/arm-none-eabi/12.2.0/libgcc.a(_arm_muldivsf3.o)
                0x08000f10                __mulsf3
                0x08000f10                __aeabi_fmul
                0x080010a8                __divsf3
                0x080010a8                __aeabi_fdiv
 .text          0x08001208      0x114 /usr/lib/gcc/arm-none-eabi/12.2.0/libgcc.a(_arm_cmpsf2.o)
                0x08001208                __gtsf2
                0x08001208                __gesf2
                0x08001210                __lesf2
                0x08001210                __ltsf2
                0x08001218                __nesf2
                0x08001218                __eqsf2
                0x08001218                __cmpsf2
                0x0800127c                __aeabi_cfrcmple
                0x0800128c                __aeabi_cfcmple
                0x0800128c                __aeabi_cfcmpeq
                0x080012a4                __aeabi_fcmpeq
                0x080012bc                __aeabi_fcmplt
                0x080012d4                __aeabi_fcmple
                0x080012ec                __aeabi_fcmpge
                0x08001304                __aeabi_fcmpgt
 *(.text*)
 .text.__do_global_dtors_aux
                0x0800131c       0x40 /usr/lib/gcc/arm-none-eabi/12.2.0/crtbegin.o
 .text.frame_dummy
                0x0800135c       0x30 /usr/lib/gcc/arm-none-eabi/12.2.0/crtbegin.o
 .text.NVIC_SetPriority
                0x0800138c       0x54 obj/main.o
 .text.SysTick_Config
                0x080013e0       0x44 obj/main.o
 *fill*         0x08001424        0x4 
 .text.main     0x08001428      0xc44 obj/main.o
                0x08001428                main
 .text.Demo_USB
                0x0800206c       0x34 obj/main.o
                0x0800206c                Demo_USB
 .text.Demo_GyroConfig
                0x080020a0       0x4a obj/main.o
                0x080020a0                Demo_GyroConfig
 *fill*         0x080020ea        0x2 
 .text.Demo_GyroReadAngRate
                0x080020ec      0x150 obj/main.o
                0x080020ec                Demo_GyroReadAngRate
 .text.Demo_CompassConfig
                0x0800223c       0x64 obj/main.o
                0x0800223c                Demo_CompassConfig
 .text.Demo_CompassReadAcc
                0x080022a0      0x1c0 obj/main.o
                0x080022a0                Demo_CompassReadAcc
 .text.Demo_CompassReadMag
                0x08002460      0x1b8 obj/main.o
                0x08002460                Demo_CompassReadMag
 .text.Delay    0x08002618       0x2c obj/main.o
                0x08002618                Delay
 .text.TimingDelay_Decrement
                0x08002644       0x24 obj/main.o
                0x08002644                TimingDelay_Decrement
 .text.LSM303DLHC_TIMEOUT_UserCallback
                0x08002668       0x10 obj/main.o
                0x08002668                LSM303DLHC_TIMEOUT_UserCallback
 .text.L3GD20_TIMEOUT_UserCallback
                0x08002678       0x10 obj/main.o
                0x08002678                L3GD20_TIMEOUT_UserCallback
 .text.assert_failed
                0x08002688        0xe obj/main.o
                0x08002688                assert_failed
 .text.NMI_Handler
                0x08002696        0xe obj/stm32f30x_it.o
                0x08002696                NMI_Handler
 .text.HardFault_Handler
                0x080026a4        0x8 obj/stm32f30x_it.o
                0x080026a4                HardFault_Handler
 .text.MemManage_Handler
                0x080026ac        0x8 obj/stm32f30x_it.o
                0x080026ac                MemManage_Handler
 .text.BusFault_Handler
                0x080026b4        0x8 obj/stm32f30x_it.o
                0x080026b4                BusFault_Handler
 .text.UsageFault_Handler
                0x080026bc        0x8 obj/stm32f30x_it.o
                0x080026bc                UsageFault_Handler
 .text.SVC_Handler
                0x080026c4        0xe obj/stm32f30x_it.o
                0x080026c4                SVC_Handler
 .text.DebugMon_Handler
                0x080026d2        0xe obj/stm32f30x_it.o
                0x080026d2                DebugMon_Handler
 .text.PendSV_Handler
                0x080026e0        0xe obj/stm32f30x_it.o
                0x080026e0                PendSV_Handler
 *fill*         0x080026ee        0x2 
 .text.SysTick_Handler
                0x080026f0       0x2c obj/stm32f30x_it.o
                0x080026f0                SysTick_Handler
 .text.EXTI0_IRQHandler
                0x0800271c       0x90 obj/stm32f30x_it.o
                0x0800271c                EXTI0_IRQHandler
 .text.USB_LP_CAN1_RX0_IRQHandler
                0x080027ac        0xc obj/stm32f30x_it.o
                0x080027ac                USB_LP_CAN1_RX0_IRQHandler
 .text.USBWakeUp_IRQHandler
                0x080027b8       0x14 obj/stm32f30x_it.o
                0x080027b8                USBWakeUp_IRQHandler
 .text.SystemInit
                0x080027cc       0x94 obj/system_stm32f30x.o
                0x080027cc                SystemInit
 .text.SetSysClock
                0x08002860       0xe4 obj/system_stm32f30x.o
 .text.STM_EVAL_LEDInit
                0x08002944       0x5c obj/stm32f3_discovery.o
                0x08002944                STM_EVAL_LEDInit
 .text.STM_EVAL_LEDOn
                0x080029a0       0x34 obj/stm32f3_discovery.o
                0x080029a0                STM_EVAL_LEDOn
 .text.STM_EVAL_LEDOff
                0x080029d4       0x30 obj/stm32f3_discovery.o
                0x080029d4                STM_EVAL_LEDOff
 .text.STM_EVAL_LEDToggle
                0x08002a04       0x40 obj/stm32f3_discovery.o
                0x08002a04                STM_EVAL_LEDToggle
 .text.STM_EVAL_PBInit
                0x08002a44       0x98 obj/stm32f3_discovery.o
                0x08002a44                STM_EVAL_PBInit
 .text.STM_EVAL_PBGetState
                0x08002adc       0x2c obj/stm32f3_discovery.o
                0x08002adc                STM_EVAL_PBGetState
 .text.L3GD20_Init
                0x08002b08       0x78 obj/stm32f3_discovery_l3gd20.o
                0x08002b08                L3GD20_Init
 .text.L3GD20_FilterConfig
                0x08002b80       0x4a obj/stm32f3_discovery_l3gd20.o
                0x08002b80                L3GD20_FilterConfig
 .text.L3GD20_FilterCmd
                0x08002bca       0x42 obj/stm32f3_discovery_l3gd20.o
                0x08002bca                L3GD20_FilterCmd
 .text.L3GD20_Write
                0x08002c0c       0x60 obj/stm32f3_discovery_l3gd20.o
                0x08002c0c                L3GD20_Write
 .text.L3GD20_Read
                0x08002c6c       0x70 obj/stm32f3_discovery_l3gd20.o
                0x08002c6c                L3GD20_Read
 .text.L3GD20_LowLevel_Init
                0x08002cdc      0x154 obj/stm32f3_discovery_l3gd20.o
 .text.L3GD20_SendByte
                0x08002e30       0x90 obj/stm32f3_discovery_l3gd20.o
 .text.LSM303DLHC_AccInit
                0x08002ec0       0x78 obj/stm32f3_discovery_lsm303dlhc.o
                0x08002ec0                LSM303DLHC_AccInit
 .text.LSM303DLHC_AccFilterConfig
                0x08002f38       0x5a obj/stm32f3_discovery_lsm303dlhc.o
                0x08002f38                LSM303DLHC_AccFilterConfig
 .text.LSM303DLHC_MagInit
                0x08002f92       0x76 obj/stm32f3_discovery_lsm303dlhc.o
                0x08002f92                LSM303DLHC_MagInit
 .text.LSM303DLHC_Write
                0x08003008      0x15c obj/stm32f3_discovery_lsm303dlhc.o
                0x08003008                LSM303DLHC_Write
 .text.LSM303DLHC_Read
                0x08003164      0x188 obj/stm32f3_discovery_lsm303dlhc.o
                0x08003164                LSM303DLHC_Read
 .text.LSM303DLHC_LowLevel_Init
                0x080032ec      0x154 obj/stm32f3_discovery_lsm303dlhc.o
 .text.NVIC_PriorityGroupConfig
                0x08003440       0x58 obj/stm32f30x_misc.o
                0x08003440                NVIC_PriorityGroupConfig
 .text.NVIC_Init
                0x08003498      0x100 obj/stm32f30x_misc.o
                0x08003498                NVIC_Init
 .text.SYSCFG_EXTILineConfig
                0x08003598      0x128 obj/stm32f30x_syscfg.o
                0x08003598                SYSCFG_EXTILineConfig
 .text.GPIO_Init
                0x080036c0      0x22c obj/stm32f30x_gpio.o
                0x080036c0                GPIO_Init
 .text.GPIO_ReadInputDataBit
                0x080038ec      0x118 obj/stm32f30x_gpio.o
                0x080038ec                GPIO_ReadInputDataBit
 .text.GPIO_SetBits
                0x08003a04       0x94 obj/stm32f30x_gpio.o
                0x08003a04                GPIO_SetBits
 .text.GPIO_ResetBits
                0x08003a98       0x94 obj/stm32f30x_gpio.o
                0x08003a98                GPIO_ResetBits
 .text.GPIO_PinAFConfig
                0x08003b2c      0x1cc obj/stm32f30x_gpio.o
                0x08003b2c                GPIO_PinAFConfig
 .text.I2C_Init
                0x08003cf8      0x180 obj/stm32f30x_i2c.o
                0x08003cf8                I2C_Init
 .text.I2C_Cmd  0x08003e78       0x70 obj/stm32f30x_i2c.o
                0x08003e78                I2C_Cmd
 .text.I2C_TransferHandling
                0x08003ee8       0xd4 obj/stm32f30x_i2c.o
                0x08003ee8                I2C_TransferHandling
 .text.I2C_SendData
                0x08003fbc       0x40 obj/stm32f30x_i2c.o
                0x08003fbc                I2C_SendData
 .text.I2C_ReceiveData
                0x08003ffc       0x3c obj/stm32f30x_i2c.o
                0x08003ffc                I2C_ReceiveData
 .text.I2C_GetFlagStatus
                0x08004038       0xd4 obj/stm32f30x_i2c.o
                0x08004038                I2C_GetFlagStatus
 .text.I2C_ClearFlag
                0x0800410c       0x5c obj/stm32f30x_i2c.o
                0x0800410c                I2C_ClearFlag
 .text.RCC_HSEConfig
                0x08004168       0x40 obj/stm32f30x_rcc.o
                0x08004168                RCC_HSEConfig
 .text.RCC_WaitForHSEStartUp
                0x080041a8       0x50 obj/stm32f30x_rcc.o
                0x080041a8                RCC_WaitForHSEStartUp
 .text.RCC_PLLCmd
                0x080041f8       0x38 obj/stm32f30x_rcc.o
                0x080041f8                RCC_PLLCmd
 .text.RCC_SYSCLKConfig
                0x08004230       0x54 obj/stm32f30x_rcc.o
                0x08004230                RCC_SYSCLKConfig
 .text.RCC_GetSYSCLKSource
                0x08004284       0x20 obj/stm32f30x_rcc.o
                0x08004284                RCC_GetSYSCLKSource
 .text.RCC_GetClocksFreq
                0x080042a4      0x55c obj/stm32f30x_rcc.o
                0x080042a4                RCC_GetClocksFreq
 .text.RCC_USBCLKConfig
                0x08004800       0x34 obj/stm32f30x_rcc.o
                0x08004800                RCC_USBCLKConfig
 .text.RCC_AHBPeriphClockCmd
                0x08004834       0x74 obj/stm32f30x_rcc.o
                0x08004834                RCC_AHBPeriphClockCmd
 .text.RCC_APB2PeriphClockCmd
                0x080048a8       0x74 obj/stm32f30x_rcc.o
                0x080048a8                RCC_APB2PeriphClockCmd
 .text.RCC_APB1PeriphClockCmd
                0x0800491c       0x74 obj/stm32f30x_rcc.o
                0x0800491c                RCC_APB1PeriphClockCmd
 .text.RCC_APB2PeriphResetCmd
                0x08004990       0x74 obj/stm32f30x_rcc.o
                0x08004990                RCC_APB2PeriphResetCmd
 .text.RCC_APB1PeriphResetCmd
                0x08004a04       0x74 obj/stm32f30x_rcc.o
                0x08004a04                RCC_APB1PeriphResetCmd
 .text.RCC_GetFlagStatus
                0x08004a78       0xdc obj/stm32f30x_rcc.o
                0x08004a78                RCC_GetFlagStatus
 .text.SPI_I2S_DeInit
                0x08004b54       0xc4 obj/stm32f30x_spi.o
                0x08004b54                SPI_I2S_DeInit
 .text.SPI_Init
                0x08004c18      0x2f0 obj/stm32f30x_spi.o
                0x08004c18                SPI_Init
 .text.SPI_Cmd  0x08004f08       0x90 obj/stm32f30x_spi.o
                0x08004f08                SPI_Cmd
 .text.SPI_RxFIFOThresholdConfig
                0x08004f98       0x8c obj/stm32f30x_spi.o
                0x08004f98                SPI_RxFIFOThresholdConfig
 .text.SPI_SendData8
                0x08005024       0x68 obj/stm32f30x_spi.o
                0x08005024                SPI_SendData8
 .text.SPI_ReceiveData8
                0x0800508c       0x78 obj/stm32f30x_spi.o
                0x0800508c                SPI_ReceiveData8
 .text.SPI_I2S_GetFlagStatus
                0x08005104       0xc8 obj/stm32f30x_spi.o
                0x08005104                SPI_I2S_GetFlagStatus
 .text.EXTI_Init
                0x080051cc      0x26c obj/stm32f30x_exti.o
                0x080051cc                EXTI_Init
 .text.EXTI_GetITStatus
                0x08005438       0xf8 obj/stm32f30x_exti.o
                0x08005438                EXTI_GetITStatus
 .text.EXTI_ClearITPendingBit
                0x08005530       0x60 obj/stm32f30x_exti.o
                0x08005530                EXTI_ClearITPendingBit
 .text.USB_Istr
                0x08005590      0x120 obj/usb_istr.o
                0x08005590                USB_Istr
 .text.Joystick_init
                0x080056b0       0x2c obj/usb_prop.o
                0x080056b0                Joystick_init
 .text.Joystick_Reset
                0x080056dc       0xac obj/usb_prop.o
                0x080056dc                Joystick_Reset
 .text.Joystick_SetConfiguration
                0x08005788       0x2c obj/usb_prop.o
                0x08005788                Joystick_SetConfiguration
 .text.Joystick_SetDeviceAddress
                0x080057b4       0x18 obj/usb_prop.o
                0x080057b4                Joystick_SetDeviceAddress
 .text.Joystick_Status_In
                0x080057cc        0xe obj/usb_prop.o
                0x080057cc                Joystick_Status_In
 .text.Joystick_Status_Out
                0x080057da        0xe obj/usb_prop.o
                0x080057da                Joystick_Status_Out
 .text.Joystick_Data_Setup
                0x080057e8       0xa4 obj/usb_prop.o
                0x080057e8                Joystick_Data_Setup
 .text.Joystick_NoData_Setup
                0x0800588c       0x34 obj/usb_prop.o
                0x0800588c                Joystick_NoData_Setup
 .text.Joystick_GetDeviceDescriptor
                0x080058c0       0x24 obj/usb_prop.o
                0x080058c0                Joystick_GetDeviceDescriptor
 .text.Joystick_GetConfigDescriptor
                0x080058e4       0x24 obj/usb_prop.o
                0x080058e4                Joystick_GetConfigDescriptor
 .text.Joystick_GetStringDescriptor
                0x08005908       0x40 obj/usb_prop.o
                0x08005908                Joystick_GetStringDescriptor
 .text.Joystick_GetReportDescriptor
                0x08005948       0x24 obj/usb_prop.o
                0x08005948                Joystick_GetReportDescriptor
 .text.Joystick_GetHIDDescriptor
                0x0800596c       0x24 obj/usb_prop.o
                0x0800596c                Joystick_GetHIDDescriptor
 .text.Joystick_Get_Interface_Setting
                0x08005990       0x32 obj/usb_prop.o
                0x08005990                Joystick_Get_Interface_Setting
 *fill*         0x080059c2        0x2 
 .text.Joystick_SetProtocol
                0x080059c4       0x2c obj/usb_prop.o
                0x080059c4                Joystick_SetProtocol
 .text.Joystick_GetProtocolValue
                0x080059f0       0x34 obj/usb_prop.o
                0x080059f0                Joystick_GetProtocolValue
 .text.PowerOn  0x08005a24       0x50 obj/usb_pwr.o
                0x08005a24                PowerOn
 .text.Suspend  0x08005a74       0x40 obj/usb_pwr.o
                0x08005a74                Suspend
 .text.Resume_Init
                0x08005ab4       0x34 obj/usb_pwr.o
                0x08005ab4                Resume_Init
 .text.Resume   0x08005ae8       0xfc obj/usb_pwr.o
                0x08005ae8                Resume
 .text.EP1_IN_Callback
                0x08005be4       0x18 obj/usb_endp.o
                0x08005be4                EP1_IN_Callback
 .text.Standard_GetConfiguration
                0x08005bfc       0x3c obj/usb_core.o
                0x08005bfc                Standard_GetConfiguration
 .text.Standard_SetConfiguration
                0x08005c38       0x50 obj/usb_core.o
                0x08005c38                Standard_SetConfiguration
 .text.Standard_GetInterface
                0x08005c88       0x3c obj/usb_core.o
                0x08005c88                Standard_GetInterface
 .text.Standard_SetInterface
                0x08005cc4       0x88 obj/usb_core.o
                0x08005cc4                Standard_SetInterface
 .text.Standard_GetStatus
                0x08005d4c      0x138 obj/usb_core.o
                0x08005d4c                Standard_GetStatus
 .text.Standard_ClearFeature
                0x08005e84      0x1d8 obj/usb_core.o
                0x08005e84                Standard_ClearFeature
 .text.Standard_SetEndPointFeature
                0x0800605c      0x114 obj/usb_core.o
                0x0800605c                Standard_SetEndPointFeature
 .text.Standard_SetDeviceFeature
                0x08006170       0x2c obj/usb_core.o
                0x08006170                Standard_SetDeviceFeature
 .text.Standard_GetDescriptorData
                0x0800619c       0x48 obj/usb_core.o
                0x0800619c                Standard_GetDescriptorData
 .text.DataStageOut
                0x080061e4      0x104 obj/usb_core.o
 .text.DataStageIn
                0x080062e8      0x10c obj/usb_core.o
 .text.NoData_Setup0
                0x080063f4      0x194 obj/usb_core.o
 .text.Data_Setup0
                0x08006588      0x328 obj/usb_core.o
 .text.Setup0_Process
                0x080068b0       0xd8 obj/usb_core.o
                0x080068b0                Setup0_Process
 .text.In0_Process
                0x08006988       0x90 obj/usb_core.o
                0x08006988                In0_Process
 .text.Out0_Process
                0x08006a18       0x74 obj/usb_core.o
                0x08006a18                Out0_Process
 .text.Post0_Process
                0x08006a8c       0x50 obj/usb_core.o
                0x08006a8c                Post0_Process
 .text.SetDeviceAddress
                0x08006adc       0x7c obj/usb_core.o
                0x08006adc                SetDeviceAddress
 .text.NOP_Process
                0x08006b58        0xe obj/usb_core.o
                0x08006b58                NOP_Process
 *fill*         0x08006b66        0x2 
 .text.USB_Init
                0x08006b68       0x44 obj/usb_init.o
                0x08006b68                USB_Init
 .text.CTR_LP   0x08006bac      0x300 obj/usb_int.o
                0x08006bac                CTR_LP
 .text.UserToPMABufferCopy
                0x08006eac       0x76 obj/usb_mem.o
                0x08006eac                UserToPMABufferCopy
 .text.PMAToUserBufferCopy
                0x08006f22       0x5e obj/usb_mem.o
                0x08006f22                PMAToUserBufferCopy
 .text.USB_SIL_Init
                0x08006f80       0x34 obj/usb_sil.o
                0x08006f80                USB_SIL_Init
 .text.SetBTABLE
                0x08006fb4       0x28 obj/usb_regs.o
                0x08006fb4                SetBTABLE
 .text.SetEPType
                0x08006fdc       0x4e obj/usb_regs.o
                0x08006fdc                SetEPType
 *fill*         0x0800702a        0x2 
 .text.SetEPTxStatus
                0x0800702c       0x70 obj/usb_regs.o
                0x0800702c                SetEPTxStatus
 .text.SetEPRxStatus
                0x0800709c       0x70 obj/usb_regs.o
                0x0800709c                SetEPRxStatus
 .text.SetEPRxValid
                0x0800710c       0x54 obj/usb_regs.o
                0x0800710c                SetEPRxValid
 .text.Clear_Status_Out
                0x08007160       0x48 obj/usb_regs.o
                0x08007160                Clear_Status_Out
 .text.ClearDTOG_RX
                0x080071a8       0x5c obj/usb_regs.o
                0x080071a8                ClearDTOG_RX
 .text.ClearDTOG_TX
                0x08007204       0x5c obj/usb_regs.o
                0x08007204                ClearDTOG_TX
 .text.SetEPTxAddr
                0x08007260       0x48 obj/usb_regs.o
                0x08007260                SetEPTxAddr
 .text.SetEPRxAddr
                0x080072a8       0x48 obj/usb_regs.o
                0x080072a8                SetEPRxAddr
 .text.GetEPTxAddr
                0x080072f0       0x38 obj/usb_regs.o
                0x080072f0                GetEPTxAddr
 .text.GetEPRxAddr
                0x08007328       0x38 obj/usb_regs.o
                0x08007328                GetEPRxAddr
 .text.SetEPTxCount
                0x08007360       0x40 obj/usb_regs.o
                0x08007360                SetEPTxCount
 .text.SetEPRxCount
                0x080073a0       0x84 obj/usb_regs.o
                0x080073a0                SetEPRxCount
 .text.ByteSwap
                0x08007424       0x30 obj/usb_regs.o
                0x08007424                ByteSwap
 .text.Set_System
                0x08007454       0xa4 obj/hw_config.o
                0x08007454                Set_System
 .text.Set_USBClock
                0x080074f8       0x18 obj/hw_config.o
                0x080074f8                Set_USBClock
 .text.Enter_LowPowerMode
                0x08007510       0x18 obj/hw_config.o
                0x08007510                Enter_LowPowerMode
 .text.Leave_LowPowerMode
                0x08007528       0x7c obj/hw_config.o
                0x08007528                Leave_LowPowerMode
 .text.USB_Interrupts_Config
                0x080075a4       0x52 obj/hw_config.o
                0x080075a4                USB_Interrupts_Config
 *fill*         0x080075f6        0x2 
 .text.USB_Cable_Config
                0x080075f8       0x34 obj/hw_config.o
                0x080075f8                USB_Cable_Config
 .text.Get_SerialNum
                0x0800762c       0x58 obj/hw_config.o
                0x0800762c                Get_SerialNum
 .text.IntToUnicode
                0x08007684       0x7e obj/hw_config.o
 *fill*         0x08007702        0x2 
 .text.Reset_Handler
                0x08007704       0x4c obj/startup_stm32f303xc.o
                0x08007704                Reset_Handler
 .text.Default_Handler
                0x08007750        0x2 obj/startup_stm32f303xc.o
                0x08007750                RTC_Alarm_IRQHandler
                0x08007750                TIM8_TRG_COM_IRQHandler
                0x08007750                TIM8_CC_IRQHandler
                0x08007750                TIM1_CC_IRQHandler
                0x08007750                USB_HP_IRQHandler
                0x08007750                PVD_IRQHandler
                0x08007750                EXTI3_IRQHandler
                0x08007750                I2C2_EV_IRQHandler
                0x08007750                FPU_IRQHandler
                0x08007750                EXTI2_TS_IRQHandler
                0x08007750                TIM1_UP_TIM16_IRQHandler
                0x08007750                ADC1_2_IRQHandler
                0x08007750                SPI1_IRQHandler
                0x08007750                TIM6_DAC_IRQHandler
                0x08007750                TIM8_UP_IRQHandler
                0x08007750                DMA2_Channel2_IRQHandler
                0x08007750                DMA1_Channel4_IRQHandler
                0x08007750                USART3_IRQHandler
                0x08007750                DMA1_Channel7_IRQHandler
                0x08007750                CAN1_RX1_IRQHandler
                0x08007750                UART5_IRQHandler
                0x08007750                ADC3_IRQHandler
                0x08007750                TIM4_IRQHandler
                0x08007750                DMA2_Channel1_IRQHandler
                0x08007750                I2C1_EV_IRQHandler
                0x08007750                DMA1_Channel6_IRQHandler
                0x08007750                UART4_IRQHandler
                0x08007750                DMA2_Channel4_IRQHandler
                0x08007750                TIM3_IRQHandler
                0x08007750                RCC_IRQHandler
                0x08007750                DMA1_Channel1_IRQHandler
                0x08007750                Default_Handler
                0x08007750                USBWakeUp_RMP_IRQHandler
                0x08007750                EXTI15_10_IRQHandler
                0x08007750                TIM7_IRQHandler
                0x08007750                EXTI9_5_IRQHandler
                0x08007750                TAMPER_STAMP_IRQHandler
                0x08007750                RTC_WKUP_IRQHandler
                0x08007750                SPI2_IRQHandler
                0x08007750                DMA2_Channel5_IRQHandler
                0x08007750                DMA1_Channel5_IRQHandler
                0x08007750                USB_LP_IRQHandler
                0x08007750                EXTI4_IRQHandler
                0x08007750                TIM1_TRG_COM_TIM17_IRQHandler
                0x08007750                USB_HP_CAN1_TX_IRQHandler
                0x08007750                DMA1_Channel3_IRQHandler
                0x08007750                ADC4_IRQHandler
                0x08007750                WWDG_IRQHandler
                0x08007750                TIM2_IRQHandler
                0x08007750                COMP7_IRQHandler
                0x08007750                COMP1_2_3_IRQHandler
                0x08007750                EXTI1_IRQHandler
                0x08007750                USART2_IRQHandler
                0x08007750                COMP4_5_6_IRQHandler
                0x08007750                I2C2_ER_IRQHandler
                0x08007750                DMA1_Channel2_IRQHandler
                0x08007750                TIM8_BRK_IRQHandler
                0x08007750                CAN1_SCE_IRQHandler
                0x08007750                FLASH_IRQHandler
                0x08007750                USART1_IRQHandler
                0x08007750                SPI3_IRQHandler
                0x08007750                I2C1_ER_IRQHandler
                0x08007750                DMA2_Channel3_IRQHandler
                0x08007750                TIM1_BRK_TIM15_IRQHandler
 *fill*         0x08007752        0x2 
 .text.acos     0x08007754       0x8c /usr/lib/gcc/arm-none-eabi/12.2.0/../../../../arm-none-eabi/lib/libm.a(libm_a-w_acos.o)
                0x08007754                acos
 .text.sqrt     0x080077e0       0x98 /usr/lib/gcc/arm-none-eabi/12.2.0/../../../../arm-none-eabi/lib/libm.a(libm_a-w_sqrt.o)
                0x080077e0                sqrt
 .text.fabs     0x08007878        0xc /usr/lib/gcc/arm-none-eabi/12.2.0/../../../../arm-none-eabi/lib/libm.a(libm_a-s_fabs.o)
                0x08007878                fabs
 .text.atan2f   0x08007884       0x10 /usr/lib/gcc/arm-none-eabi/12.2.0/../../../../arm-none-eabi/lib/libm.a(libm_a-wf_atan2.o)
                0x08007884                atan2f
 .text.nan      0x08007894       0x10 /usr/lib/gcc/arm-none-eabi/12.2.0/../../../../arm-none-eabi/lib/libm.a(libm_a-s_nan.o)
                0x08007894                nan
 .text.__ieee754_sqrt
                0x080078a4      0x2ac /usr/lib/gcc/arm-none-eabi/12.2.0/../../../../arm-none-eabi/lib/libm.a(libm_a-e_sqrt.o)
                0x080078a4                __ieee754_sqrt
 .text.__ieee754_acos
                0x08007b50      0x66c /usr/lib/gcc/arm-none-eabi/12.2.0/../../../../arm-none-eabi/lib/libm.a(libm_a-e_acos.o)
                0x08007b50                __ieee754_acos
 .text.__ieee754_atan2f
                0x080081bc      0x194 /usr/lib/gcc/arm-none-eabi/12.2.0/../../../../arm-none-eabi/lib/libm.a(libm_a-ef_atan2.o)
                0x080081bc                __ieee754_atan2f
 .text.atanf    0x08008350      0x2d4 /usr/lib/gcc/arm-none-eabi/12.2.0/../../../../arm-none-eabi/lib/libm.a(libm_a-sf_atan.o)
                0x08008350                atanf
 .text.fabsf    0x08008624        0x8 /usr/lib/gcc/arm-none-eabi/12.2.0/../../../../arm-none-eabi/lib/libm.a(libm_a-sf_fabs.o)
                0x08008624                fabsf
 .text.__errno  0x0800862c       0x10 /usr/lib/gcc/arm-none-eabi/12.2.0/../../../../arm-none-eabi/lib/libc_nano.a(libc_a-errno.o)
                0x0800862c                __errno
 *(.glue_7)
 .glue_7        0x0800863c        0x0 linker stubs
 *(.glue_7t)
 .glue_7t       0x0800863c        0x0 linker stubs
 *(.eh_frame)
 .eh_frame      0x0800863c        0x0 /usr/lib/gcc/arm-none-eabi/12.2.0/crtbegin.o
 *(.init)
 .init          0x0800863c        0xc /usr/lib/gcc/arm-none-eabi/12.2.0/crti.o
                0x0800863c                _init
 .init          0x08008648        0xc /usr/lib/gcc/arm-none-eabi/12.2.0/crtn.o
 *(.fini)
 .fini          0x08008654        0xc /usr/lib/gcc/arm-none-eabi/12.2.0/crti.o
                0x08008654                _fini
 .fini          0x08008660        0xc /usr/lib/gcc/arm-none-eabi/12.2.0/crtn.o
                0x0800866c                        . = ALIGN (0x4)
                0x0800866c                        _etext = .

.vfp11_veneer   0x0800866c        0x0
 .vfp11_veneer  0x0800866c        0x0 linker stubs

.v4_bx          0x0800866c        0x0
 .v4_bx         0x0800866c        0x0 linker stubs

.iplt           0x0800866c        0x0
 .iplt          0x0800866c        0x0 /usr/lib/gcc/arm-none-eabi/12.2.0/crtbegin.o

.rodata         0x0800866c      0x484
                0x0800866c                        . = ALIGN (0x4)
 *(.rodata)
 .rodata        0x0800866c       0x76 obj/stm32f30x_misc.o
 *fill*         0x080086e2        0x2 
 .rodata        0x080086e4       0x78 obj/stm32f30x_syscfg.o
 .rodata        0x0800875c       0x76 obj/stm32f30x_gpio.o
 *fill*         0x080087d2        0x2 
 .rodata        0x080087d4       0x75 obj/stm32f30x_i2c.o
 *fill*         0x08008849        0x3 
 .rodata        0x0800884c       0x75 obj/stm32f30x_rcc.o
 *fill*         0x080088c1        0x3 
 .rodata        0x080088c4       0x75 obj/stm32f30x_spi.o
 *fill*         0x08008939        0x3 
 .rodata        0x0800893c       0x76 obj/stm32f30x_exti.o
 *(.rodata*)
 *fill*         0x080089b2        0x2 
 .rodata.GPIO_PIN
                0x080089b4       0x10 obj/stm32f3_discovery.o
                0x080089b4                GPIO_PIN
 .rodata.GPIO_CLK
                0x080089c4       0x20 obj/stm32f3_discovery.o
                0x080089c4                GPIO_CLK
 .rodata.Joystick_DeviceDescriptor
                0x080089e4       0x12 obj/usb_desc.o
                0x080089e4                Joystick_DeviceDescriptor
 *fill*         0x080089f6        0x2 
 .rodata.Joystick_ConfigDescriptor
                0x080089f8       0x22 obj/usb_desc.o
                0x080089f8                Joystick_ConfigDescriptor
 *fill*         0x08008a1a        0x2 
 .rodata.Joystick_ReportDescriptor
                0x08008a1c       0x4a obj/usb_desc.o
                0x08008a1c                Joystick_ReportDescriptor
 *fill*         0x08008a66        0x2 
 .rodata.Joystick_StringLangID
                0x08008a68        0x4 obj/usb_desc.o
                0x08008a68                Joystick_StringLangID
 .rodata.Joystick_StringVendor
                0x08008a6c       0x26 obj/usb_desc.o
                0x08008a6c                Joystick_StringVendor
 *fill*         0x08008a92        0x2 
 .rodata.Joystick_StringProduct
                0x08008a94       0x1e obj/usb_desc.o
                0x08008a94                Joystick_StringProduct
 *fill*         0x08008ab2        0x2 
 .rodata.acos.str1.4
                0x08008ab4        0x1 /usr/lib/gcc/arm-none-eabi/12.2.0/../../../../arm-none-eabi/lib/libm.a(libm_a-w_acos.o)
 *fill*         0x08008ab5        0x3 
 .rodata.CSWTCH.9
                0x08008ab8        0xc /usr/lib/gcc/arm-none-eabi/12.2.0/../../../../arm-none-eabi/lib/libm.a(libm_a-ef_atan2.o)
 .rodata.CSWTCH.8
                0x08008ac4        0xc /usr/lib/gcc/arm-none-eabi/12.2.0/../../../../arm-none-eabi/lib/libm.a(libm_a-ef_atan2.o)
 .rodata.atanlo
                0x08008ad0       0x10 /usr/lib/gcc/arm-none-eabi/12.2.0/../../../../arm-none-eabi/lib/libm.a(libm_a-sf_atan.o)
 .rodata.atanhi
                0x08008ae0       0x10 /usr/lib/gcc/arm-none-eabi/12.2.0/../../../../arm-none-eabi/lib/libm.a(libm_a-sf_atan.o)
                0x08008af0                        . = ALIGN (0x4)

.rel.dyn        0x08008af0        0x0
 .rel.iplt      0x08008af0        0x0 /usr/lib/gcc/arm-none-eabi/12.2.0/crtbegin.o

.ARM.extab
 *(.ARM.extab* .gnu.linkonce.armextab.*)

.ARM            0x08008af0        0x0
                0x08008af0                        __exidx_start = .
 *(.ARM.exidx*)
                0x08008af0                        __exidx_end = .

.preinit_array  0x08008af0        0x0
                0x08008af0                        PROVIDE (__preinit_array_start = .)
 *(.preinit_array*)
                0x08008af0                        PROVIDE (__preinit_array_end = .)

.init_array     0x08008af0        0x4
                0x08008af0                        PROVIDE (__init_array_start = .)
 *(SORT_BY_NAME(.init_array.*))
 *(.init_array*)
 .init_array    0x08008af0        0x4 /usr/lib/gcc/arm-none-eabi/12.2.0/crtbegin.o
                0x08008af4                        PROVIDE (__init_array_end = .)

.fini_array     0x08008af4        0x4
                0x08008af4                        PROVIDE (__fini_array_start = .)
 *(SORT_BY_NAME(.fini_array.*))
 *(.fini_array*)
 .fini_array    0x08008af4        0x4 /usr/lib/gcc/arm-none-eabi/12.2.0/crtbegin.o
                0x08008af8                        PROVIDE (__fini_array_end = .)
                0x08008af8                        _sidata = LOADADDR (.data)

.data           0x20000000      0x1b8 load address 0x08008af8
                0x20000000                        . = ALIGN (0x4)
                0x20000000                        _sdata = .
 *(.data)
 *(.data*)
 .data.PrevXferComplete
                0x20000000        0x1 obj/main.o
                0x20000000                PrevXferComplete
 *fill*         0x20000001        0x3 
 .data.USBConnectTimeOut
                0x20000004        0x4 obj/main.o
                0x20000004                USBConnectTimeOut
 .data.GPIO_PORT
                0x20000008       0x20 obj/stm32f3_discovery.o
                0x20000008                GPIO_PORT
 .data.BUTTON_PORT
                0x20000028        0x4 obj/stm32f3_discovery.o
                0x20000028                BUTTON_PORT
 .data.L3GD20Timeout
                0x2000002c        0x4 obj/stm32f3_discovery_l3gd20.o
                0x2000002c                L3GD20Timeout
 .data.LSM303DLHC_Timeout
                0x20000030        0x4 obj/stm32f3_discovery_lsm303dlhc.o
                0x20000030                LSM303DLHC_Timeout
 .data.APBAHBPrescTable
                0x20000034       0x10 obj/stm32f30x_rcc.o
 .data.ADCPrescTable
                0x20000044       0x20 obj/stm32f30x_rcc.o
 .data.pEpInt_IN
                0x20000064       0x1c obj/usb_istr.o
                0x20000064                pEpInt_IN
 .data.pEpInt_OUT
                0x20000080       0x1c obj/usb_istr.o
                0x20000080                pEpInt_OUT
 .data.Device_Table
                0x2000009c        0x2 obj/usb_prop.o
                0x2000009c                Device_Table
 *fill*         0x2000009e        0x2 
 .data.Device_Property
                0x200000a0       0x30 obj/usb_prop.o
                0x200000a0                Device_Property
 .data.User_Standard_Requests
                0x200000d0       0x24 obj/usb_prop.o
                0x200000d0                User_Standard_Requests
 .data.Device_Descriptor
                0x200000f4        0x8 obj/usb_prop.o
                0x200000f4                Device_Descriptor
 .data.Config_Descriptor
                0x200000fc        0x8 obj/usb_prop.o
                0x200000fc                Config_Descriptor
 .data.Joystick_Report_Descriptor
                0x20000104        0x8 obj/usb_prop.o
                0x20000104                Joystick_Report_Descriptor
 .data.Mouse_Hid_Descriptor
                0x2000010c        0x8 obj/usb_prop.o
                0x2000010c                Mouse_Hid_Descriptor
 .data.String_Descriptor
                0x20000114       0x20 obj/usb_prop.o
                0x20000114                String_Descriptor
 .data.fSuspendEnabled
                0x20000134        0x1 obj/usb_pwr.o
                0x20000134                fSuspendEnabled
 *fill*         0x20000135        0x3 
 .data.Joystick_StringSerial
                0x20000138       0x1a obj/usb_desc.o
                0x20000138                Joystick_StringSerial
 *fill*         0x20000152        0x6 
 .data.tiny     0x20000158        0x8 /usr/lib/gcc/arm-none-eabi/12.2.0/../../../../arm-none-eabi/lib/libm.a(libm_a-e_sqrt.o)
 .data.one      0x20000160        0x8 /usr/lib/gcc/arm-none-eabi/12.2.0/../../../../arm-none-eabi/lib/libm.a(libm_a-e_sqrt.o)
 .data._impure_ptr
                0x20000168        0x4 /usr/lib/gcc/arm-none-eabi/12.2.0/../../../../arm-none-eabi/lib/libc_nano.a(libc_a-impure.o)
                0x20000168                _impure_ptr
 .data._impure_data
                0x2000016c       0x4c /usr/lib/gcc/arm-none-eabi/12.2.0/../../../../arm-none-eabi/lib/libc_nano.a(libc_a-impure.o)
                0x2000016c                _impure_data
                0x200001b8                        . = ALIGN (0x4)
                0x200001b8                        _edata = .
                0x08008cb0                        _siccmram = LOADADDR (.ccmram)

.igot.plt       0x200001b8        0x0 load address 0x08008cb0
 .igot.plt      0x200001b8        0x0 /usr/lib/gcc/arm-none-eabi/12.2.0/crtbegin.o

.ccmram         0x10000000        0x0 load address 0x08008cb0
                0x10000000                        . = ALIGN (0x4)
                0x10000000                        _sccmram = .
 *(.ccmram)
 *(.ccmram*)
                0x10000000                        . = ALIGN (0x4)
                0x10000000                        _eccmram = .
                0x10000000                        . = ALIGN (0x4)

.bss            0x200001b8      0x264
                0x200001b8                        _sbss = .
                0x200001b8                        __bss_start__ = _sbss
 *(.bss)
 *(.bss*)
 .bss.completed.1
                0x200001b8        0x1 /usr/lib/gcc/arm-none-eabi/12.2.0/crtbegin.o
 *fill*         0x200001b9        0x3 
 .bss.object.0  0x200001bc       0x18 /usr/lib/gcc/arm-none-eabi/12.2.0/crtbegin.o
 .bss.RCC_Clocks
                0x200001d4       0x5c obj/main.o
                0x200001d4                RCC_Clocks
 .bss.TimingDelay
                0x20000230        0x4 obj/main.o
                0x20000230                TimingDelay
 .bss.UserButtonPressed
                0x20000234        0x4 obj/main.o
                0x20000234                UserButtonPressed
 .bss.HeadingValue
                0x20000238        0x4 obj/main.o
                0x20000238                HeadingValue
 .bss.MagBuffer
                0x2000023c        0xc obj/main.o
                0x2000023c                MagBuffer
 .bss.AccBuffer
                0x20000248        0xc obj/main.o
                0x20000248                AccBuffer
 .bss.Buffer    0x20000254        0xc obj/main.o
                0x20000254                Buffer
 .bss.Xval      0x20000260        0x1 obj/main.o
                0x20000260                Xval
 .bss.Yval      0x20000261        0x1 obj/main.o
                0x20000261                Yval
 .bss.DataReady
                0x20000262        0x1 obj/main.o
                0x20000262                DataReady
 *fill*         0x20000263        0x1 
 .bss.fNormAcc  0x20000264        0x4 obj/main.o
                0x20000264                fNormAcc
 .bss.fSinRoll  0x20000268        0x4 obj/main.o
                0x20000268                fSinRoll
 .bss.fCosRoll  0x2000026c        0x4 obj/main.o
                0x2000026c                fCosRoll
 .bss.fSinPitch
                0x20000270        0x4 obj/main.o
                0x20000270                fSinPitch
 .bss.fCosPitch
                0x20000274        0x4 obj/main.o
                0x20000274                fCosPitch
 .bss.RollAng   0x20000278        0x4 obj/main.o
                0x20000278                RollAng
 .bss.PitchAng  0x2000027c        0x4 obj/main.o
                0x2000027c                PitchAng
 .bss.fTiltedX  0x20000280        0x4 obj/main.o
                0x20000280                fTiltedX
 .bss.fTiltedY  0x20000284        0x4 obj/main.o
                0x20000284                fTiltedY
 .bss.buffer.0  0x20000288        0x6 obj/main.o
 *fill*         0x2000028e        0x2 
 .bss.i         0x20000290        0x4 obj/stm32f30x_it.o
                0x20000290                i
 .bss.wIstr     0x20000294        0x2 obj/usb_istr.o
                0x20000294                wIstr
 .bss.bIntPackSOF
                0x20000296        0x1 obj/usb_istr.o
                0x20000296                bIntPackSOF
 *fill*         0x20000297        0x1 
 .bss.ProtocolValue
                0x20000298        0x4 obj/usb_prop.o
                0x20000298                ProtocolValue
 .bss.bDeviceState
                0x2000029c        0x4 obj/usb_pwr.o
                0x2000029c                bDeviceState
 .bss.ResumeS   0x200002a0        0x2 obj/usb_pwr.o
                0x200002a0                ResumeS
 *fill*         0x200002a2        0x2 
 .bss.StatusInfo
                0x200002a4        0x2 obj/usb_core.o
                0x200002a4                StatusInfo
 .bss.Data_Mul_MaxPacketSize
                0x200002a6        0x1 obj/usb_core.o
                0x200002a6                Data_Mul_MaxPacketSize
 .bss.EPindex   0x200002a7        0x1 obj/usb_init.o
                0x200002a7                EPindex
 .bss.pInformation
                0x200002a8        0x4 obj/usb_init.o
                0x200002a8                pInformation
 .bss.pProperty
                0x200002ac        0x4 obj/usb_init.o
                0x200002ac                pProperty
 .bss.wInterrupt_Mask
                0x200002b0        0x2 obj/usb_init.o
                0x200002b0                wInterrupt_Mask
 *fill*         0x200002b2        0x2 
 .bss.Device_Info
                0x200002b4       0x1c obj/usb_init.o
                0x200002b4                Device_Info
 .bss.pUser_Standard_Requests
                0x200002d0        0x4 obj/usb_init.o
                0x200002d0                pUser_Standard_Requests
 .bss.SaveRState
                0x200002d4        0x2 obj/usb_int.o
                0x200002d4                SaveRState
 .bss.SaveTState
                0x200002d6        0x2 obj/usb_int.o
                0x200002d6                SaveTState
 .bss.HSEStartUpStatus
                0x200002d8        0x1 obj/hw_config.o
                0x200002d8                HSEStartUpStatus
 *fill*         0x200002d9        0x3 
 .bss.EXTI_InitStructure
                0x200002dc        0x8 obj/hw_config.o
                0x200002dc                EXTI_InitStructure
 .bss.__sf      0x200002e4      0x138 /usr/lib/gcc/arm-none-eabi/12.2.0/../../../../arm-none-eabi/lib/libc_nano.a(libc_a-findfp.o)
                0x200002e4                __sf
 *(COMMON)
                0x2000041c                        . = ALIGN (0x4)
                0x2000041c                        _ebss = .
                0x2000041c                        __bss_end__ = _ebss

._user_heap_stack
                0x2000041c      0x600
                0x2000041c                        . = ALIGN (0x4)
                0x2000041c                        PROVIDE (end = .)
                [!provide]                        PROVIDE (_end = .)
                0x2000061c                        . = (. + _Min_Heap_Size)
 *fill*         0x2000041c      0x200 
                0x20000a1c                        . = (. + _Min_Stack_Size)
 *fill*         0x2000061c      0x400 
                0x20000a1c                        . = ALIGN (0x4)

.memory_b1_text
 *(.mb1text)
 *(.mb1text*)
 *(.mb1rodata)
 *(.mb1rodata*)

.ARM.attributes
                0x00000000       0x30
 *(.ARM.attributes)
 .ARM.attributes
                0x00000000       0x1c /usr/lib/gcc/arm-none-eabi/12.2.0/crti.o
 .ARM.attributes
                0x0000001c       0x2a /usr/lib/gcc/arm-none-eabi/12.2.0/crtbegin.o
 .ARM.attributes
                0x00000046       0x32 obj/main.o
 .ARM.attributes
                0x00000078       0x32 obj/stm32f30x_it.o
 .ARM.attributes
                0x000000aa       0x32 obj/system_stm32f30x.o
 .ARM.attributes
                0x000000dc       0x32 obj/stm32f3_discovery.o
 .ARM.attributes
                0x0000010e       0x32 obj/stm32f3_discovery_l3gd20.o
 .ARM.attributes
                0x00000140       0x32 obj/stm32f3_discovery_lsm303dlhc.o
 .ARM.attributes
                0x00000172       0x32 obj/stm32f30x_misc.o
 .ARM.attributes
                0x000001a4       0x32 obj/stm32f30x_syscfg.o
 .ARM.attributes
                0x000001d6       0x32 obj/stm32f30x_gpio.o
 .ARM.attributes
                0x00000208       0x32 obj/stm32f30x_i2c.o
 .ARM.attributes
                0x0000023a       0x32 obj/stm32f30x_rcc.o
 .ARM.attributes
                0x0000026c       0x32 obj/stm32f30x_spi.o
 .ARM.attributes
                0x0000029e       0x32 obj/stm32f30x_exti.o
 .ARM.attributes
                0x000002d0       0x32 obj/usb_istr.o
 .ARM.attributes
                0x00000302       0x32 obj/usb_prop.o
 .ARM.attributes
                0x00000334       0x32 obj/usb_pwr.o
 .ARM.attributes
                0x00000366       0x32 obj/usb_endp.o
 .ARM.attributes
                0x00000398       0x32 obj/usb_desc.o
 .ARM.attributes
                0x000003ca       0x32 obj/usb_core.o
 .ARM.attributes
                0x000003fc       0x32 obj/usb_init.o
 .ARM.attributes
                0x0000042e       0x32 obj/usb_int.o
 .ARM.attributes
                0x00000460       0x32 obj/usb_mem.o
 .ARM.attributes
                0x00000492       0x32 obj/usb_sil.o
 .ARM.attributes
                0x000004c4       0x32 obj/usb_regs.o
 .ARM.attributes
                0x000004f6       0x32 obj/hw_config.o
 .ARM.attributes
                0x00000528       0x21 obj/startup_stm32f303xc.o
 .ARM.attributes
                0x00000549       0x2a /usr/lib/gcc/arm-none-eabi/12.2.0/../../../../arm-none-eabi/lib/libm.a(libm_a-w_acos.o)
 .ARM.attributes
                0x00000573       0x2a /usr/lib/gcc/arm-none-eabi/12.2.0/../../../../arm-none-eabi/lib/libm.a(libm_a-w_sqrt.o)
 .ARM.attributes
                0x0000059d       0x2a /usr/lib/gcc/arm-none-eabi/12.2.0/../../../../arm-none-eabi/lib/libm.a(libm_a-s_fabs.o)
 .ARM.attributes
                0x000005c7       0x2a /usr/lib/gcc/arm-none-eabi/12.2.0/../../../../arm-none-eabi/lib/libm.a(libm_a-wf_atan2.o)
 .ARM.attributes
                0x000005f1       0x2a /usr/lib/gcc/arm-none-eabi/12.2.0/../../../../arm-none-eabi/lib/libm.a(libm_a-s_nan.o)
 .ARM.attributes
                0x0000061b       0x2a /usr/lib/gcc/arm-none-eabi/12.2.0/../../../../arm-none-eabi/lib/libm.a(libm_a-e_sqrt.o)
 .ARM.attributes
                0x00000645       0x2a /usr/lib/gcc/arm-none-eabi/12.2.0/../../../../arm-none-eabi/lib/libm.a(libm_a-e_acos.o)
 .ARM.attributes
                0x0000066f       0x2a /usr/lib/gcc/arm-none-eabi/12.2.0/../../../../arm-none-eabi/lib/libm.a(libm_a-ef_atan2.o)
 .ARM.attributes
                0x00000699       0x2a /usr/lib/gcc/arm-none-eabi/12.2.0/../../../../arm-none-eabi/lib/libm.a(libm_a-sf_atan.o)
 .ARM.attributes
                0x000006c3       0x2a /usr/lib/gcc/arm-none-eabi/12.2.0/../../../../arm-none-eabi/lib/libm.a(libm_a-sf_fabs.o)
 .ARM.attributes
                0x000006ed       0x1c /usr/lib/gcc/arm-none-eabi/12.2.0/libgcc.a(_arm_addsubdf3.o)
 .ARM.attributes
                0x00000709       0x1c /usr/lib/gcc/arm-none-eabi/12.2.0/libgcc.a(_arm_muldivdf3.o)
 .ARM.attributes
                0x00000725       0x1c /usr/lib/gcc/arm-none-eabi/12.2.0/libgcc.a(_arm_cmpdf2.o)
 .ARM.attributes
                0x00000741       0x1c /usr/lib/gcc/arm-none-eabi/12.2.0/libgcc.a(_arm_unorddf2.o)
 .ARM.attributes
                0x0000075d       0x1c /usr/lib/gcc/arm-none-eabi/12.2.0/libgcc.a(_arm_truncdfsf2.o)
 .ARM.attributes
                0x00000779       0x1c /usr/lib/gcc/arm-none-eabi/12.2.0/libgcc.a(_arm_addsubsf3.o)
 .ARM.attributes
                0x00000795       0x1c /usr/lib/gcc/arm-none-eabi/12.2.0/libgcc.a(_arm_muldivsf3.o)
 .ARM.attributes
                0x000007b1       0x1c /usr/lib/gcc/arm-none-eabi/12.2.0/libgcc.a(_arm_cmpsf2.o)
 .ARM.attributes
                0x000007cd       0x2a /usr/lib/gcc/arm-none-eabi/12.2.0/../../../../arm-none-eabi/lib/libc_nano.a(libc_a-findfp.o)
 .ARM.attributes
                0x000007f7       0x2a /usr/lib/gcc/arm-none-eabi/12.2.0/../../../../arm-none-eabi/lib/libc_nano.a(libc_a-impure.o)
 .ARM.attributes
                0x00000821       0x2a /usr/lib/gcc/arm-none-eabi/12.2.0/../../../../arm-none-eabi/lib/libc_nano.a(libc_a-errno.o)
 .ARM.attributes
                0x0000084b       0x1c /usr/lib/gcc/arm-none-eabi/12.2.0/crtn.o
LOAD /usr/lib/gcc/arm-none-eabi/12.2.0/../../../../arm-none-eabi/lib/libm.a
START GROUP
LOAD /usr/lib/gcc/arm-none-eabi/12.2.0/libgcc.a
LOAD /usr/lib/gcc/arm-none-eabi/12.2.0/../../../../arm-none-eabi/lib/libc_nano.a
END GROUP
START GROUP
LOAD /usr/lib/gcc/arm-none-eabi/12.2.0/libgcc.a
LOAD /usr/lib/gcc/arm-none-eabi/12.2.0/../../../../arm-none-eabi/lib/libc_nano.a
END GROUP
LOAD /usr/lib/gcc/arm-none-eabi/12.2.0/crtend.o
LOAD /usr/lib/gcc/arm-none-eabi/12.2.0/crtn.o
OUTPUT(DEMO-DISCOVERY-CM4.elf elf32-littlearm)
LOAD linker stubs

.debug_info     0x00000000     0xcce3
 .debug_info    0x00000000      0xfcd obj/main.o
 .debug_info    0x00000fcd      0x2ab obj/stm32f30x_it.o
 .debug_info    0x00001278      0x4a0 obj/system_stm32f30x.o
 .debug_info    0x00001718      0x90e obj/stm32f3_discovery.o
 .debug_info    0x00002026      0x92b obj/stm32f3_discovery_l3gd20.o
 .debug_info    0x00002951      0xafd obj/stm32f3_discovery_lsm303dlhc.o
 .debug_info    0x0000344e      0x515 obj/stm32f30x_misc.o
 .debug_info    0x00003963      0x49e obj/stm32f30x_syscfg.o
 .debug_info    0x00003e01      0x63a obj/stm32f30x_gpio.o
 .debug_info    0x0000443b      0xbc7 obj/stm32f30x_i2c.o
 .debug_info    0x00005002      0xb14 obj/stm32f30x_rcc.o
 .debug_info    0x00005b16      0xbfa obj/stm32f30x_spi.o
 .debug_info    0x00006710      0x3b3 obj/stm32f30x_exti.o
 .debug_info    0x00006ac3      0x311 obj/usb_istr.o
 .debug_info    0x00006dd4      0xa35 obj/usb_prop.o
 .debug_info    0x00007809      0x310 obj/usb_pwr.o
 .debug_info    0x00007b19       0xac obj/usb_endp.o
 .debug_info    0x00007bc5      0x1bc obj/usb_desc.o
 .debug_info    0x00007d81      0xc2a obj/usb_core.o
 .debug_info    0x000089ab      0x46a obj/usb_init.o
 .debug_info    0x00008e15      0x202 obj/usb_int.o
 .debug_info    0x00009017      0x1aa obj/usb_mem.o
 .debug_info    0x000091c1      0x1f3 obj/usb_sil.o
 .debug_info    0x000093b4      0xc3b obj/usb_regs.o
 .debug_info    0x00009fef      0xb0d obj/hw_config.o
 .debug_info    0x0000aafc       0x30 obj/startup_stm32f303xc.o
 .debug_info    0x0000ab2c       0xc0 /usr/lib/gcc/arm-none-eabi/12.2.0/libgcc.a(_arm_addsubdf3.o)
 .debug_info    0x0000abec       0x52 /usr/lib/gcc/arm-none-eabi/12.2.0/libgcc.a(_arm_muldivdf3.o)
 .debug_info    0x0000ac3e       0xc3 /usr/lib/gcc/arm-none-eabi/12.2.0/libgcc.a(_arm_cmpdf2.o)
 .debug_info    0x0000ad01       0x39 /usr/lib/gcc/arm-none-eabi/12.2.0/libgcc.a(_arm_unorddf2.o)
 .debug_info    0x0000ad3a       0x3c /usr/lib/gcc/arm-none-eabi/12.2.0/libgcc.a(_arm_truncdfsf2.o)
 .debug_info    0x0000ad76       0xb1 /usr/lib/gcc/arm-none-eabi/12.2.0/libgcc.a(_arm_addsubsf3.o)
 .debug_info    0x0000ae27       0x52 /usr/lib/gcc/arm-none-eabi/12.2.0/libgcc.a(_arm_muldivsf3.o)
 .debug_info    0x0000ae79       0xbc /usr/lib/gcc/arm-none-eabi/12.2.0/libgcc.a(_arm_cmpsf2.o)
 .debug_info    0x0000af35      0xf9e /usr/lib/gcc/arm-none-eabi/12.2.0/../../../../arm-none-eabi/lib/libc_nano.a(libc_a-findfp.o)
 .debug_info    0x0000bed3      0x715 /usr/lib/gcc/arm-none-eabi/12.2.0/../../../../arm-none-eabi/lib/libc_nano.a(libc_a-impure.o)
 .debug_info    0x0000c5e8      0x6fb /usr/lib/gcc/arm-none-eabi/12.2.0/../../../../arm-none-eabi/lib/libc_nano.a(libc_a-errno.o)

.debug_abbrev   0x00000000     0x3428
 .debug_abbrev  0x00000000      0x305 obj/main.o
 .debug_abbrev  0x00000305      0x144 obj/stm32f30x_it.o
 .debug_abbrev  0x00000449      0x17f obj/system_stm32f30x.o
 .debug_abbrev  0x000005c8      0x21c obj/stm32f3_discovery.o
 .debug_abbrev  0x000007e4      0x235 obj/stm32f3_discovery_l3gd20.o
 .debug_abbrev  0x00000a19      0x230 obj/stm32f3_discovery_lsm303dlhc.o
 .debug_abbrev  0x00000c49      0x19c obj/stm32f30x_misc.o
 .debug_abbrev  0x00000de5      0x1c5 obj/stm32f30x_syscfg.o
 .debug_abbrev  0x00000faa      0x21b obj/stm32f30x_gpio.o
 .debug_abbrev  0x000011c5      0x1ef obj/stm32f30x_i2c.o
 .debug_abbrev  0x000013b4      0x247 obj/stm32f30x_rcc.o
 .debug_abbrev  0x000015fb      0x1ff obj/stm32f30x_spi.o
 .debug_abbrev  0x000017fa      0x1fd obj/stm32f30x_exti.o
 .debug_abbrev  0x000019f7      0x160 obj/usb_istr.o
 .debug_abbrev  0x00001b57      0x2a3 obj/usb_prop.o
 .debug_abbrev  0x00001dfa      0x197 obj/usb_pwr.o
 .debug_abbrev  0x00001f91       0x6e obj/usb_endp.o
 .debug_abbrev  0x00001fff       0x74 obj/usb_desc.o
 .debug_abbrev  0x00002073      0x332 obj/usb_core.o
 .debug_abbrev  0x000023a5      0x127 obj/usb_init.o
 .debug_abbrev  0x000024cc      0x10c obj/usb_int.o
 .debug_abbrev  0x000025d8       0x99 obj/usb_mem.o
 .debug_abbrev  0x00002671      0x100 obj/usb_sil.o
 .debug_abbrev  0x00002771      0x1a1 obj/usb_regs.o
 .debug_abbrev  0x00002912      0x321 obj/hw_config.o
 .debug_abbrev  0x00002c33       0x24 obj/startup_stm32f303xc.o
 .debug_abbrev  0x00002c57       0x21 /usr/lib/gcc/arm-none-eabi/12.2.0/libgcc.a(_arm_addsubdf3.o)
 .debug_abbrev  0x00002c78       0x21 /usr/lib/gcc/arm-none-eabi/12.2.0/libgcc.a(_arm_muldivdf3.o)
 .debug_abbrev  0x00002c99       0x21 /usr/lib/gcc/arm-none-eabi/12.2.0/libgcc.a(_arm_cmpdf2.o)
 .debug_abbrev  0x00002cba       0x21 /usr/lib/gcc/arm-none-eabi/12.2.0/libgcc.a(_arm_unorddf2.o)
 .debug_abbrev  0x00002cdb       0x21 /usr/lib/gcc/arm-none-eabi/12.2.0/libgcc.a(_arm_truncdfsf2.o)
 .debug_abbrev  0x00002cfc       0x21 /usr/lib/gcc/arm-none-eabi/12.2.0/libgcc.a(_arm_addsubsf3.o)
 .debug_abbrev  0x00002d1d       0x21 /usr/lib/gcc/arm-none-eabi/12.2.0/libgcc.a(_arm_muldivsf3.o)
 .debug_abbrev  0x00002d3e       0x21 /usr/lib/gcc/arm-none-eabi/12.2.0/libgcc.a(_arm_cmpsf2.o)
 .debug_abbrev  0x00002d5f      0x422 /usr/lib/gcc/arm-none-eabi/12.2.0/../../../../arm-none-eabi/lib/libc_nano.a(libc_a-findfp.o)
 .debug_abbrev  0x00003181      0x149 /usr/lib/gcc/arm-none-eabi/12.2.0/../../../../arm-none-eabi/lib/libc_nano.a(libc_a-impure.o)
 .debug_abbrev  0x000032ca      0x15e /usr/lib/gcc/arm-none-eabi/12.2.0/../../../../arm-none-eabi/lib/libc_nano.a(libc_a-errno.o)

.debug_aranges  0x00000000      0xec0
 .debug_aranges
                0x00000000       0x88 obj/main.o
 .debug_aranges
                0x00000088       0x78 obj/stm32f30x_it.o
 .debug_aranges
                0x00000100       0x30 obj/system_stm32f30x.o
 .debug_aranges
                0x00000130       0x48 obj/stm32f3_discovery.o
 .debug_aranges
                0x00000178       0x78 obj/stm32f3_discovery_l3gd20.o
 .debug_aranges
                0x000001f0       0x98 obj/stm32f3_discovery_lsm303dlhc.o
 .debug_aranges
                0x00000288       0x40 obj/stm32f30x_misc.o
 .debug_aranges
                0x000002c8       0x90 obj/stm32f30x_syscfg.o
 .debug_aranges
                0x00000358       0x80 obj/stm32f30x_gpio.o
 .debug_aranges
                0x000003d8      0x168 obj/stm32f30x_i2c.o
 .debug_aranges
                0x00000540      0x158 obj/stm32f30x_rcc.o
 .debug_aranges
                0x00000698      0x118 obj/stm32f30x_spi.o
 .debug_aranges
                0x000007b0       0x58 obj/stm32f30x_exti.o
 .debug_aranges
                0x00000808       0x20 obj/usb_istr.o
 .debug_aranges
                0x00000828       0x98 obj/usb_prop.o
 .debug_aranges
                0x000008c0       0x40 obj/usb_pwr.o
 .debug_aranges
                0x00000900       0x20 obj/usb_endp.o
 .debug_aranges
                0x00000920       0x18 obj/usb_desc.o
 .debug_aranges
                0x00000938       0xb0 obj/usb_core.o
 .debug_aranges
                0x000009e8       0x20 obj/usb_init.o
 .debug_aranges
                0x00000a08       0x28 obj/usb_int.o
 .debug_aranges
                0x00000a30       0x28 obj/usb_mem.o
 .debug_aranges
                0x00000a58       0x30 obj/usb_sil.o
 .debug_aranges
                0x00000a88      0x1f0 obj/usb_regs.o
 .debug_aranges
                0x00000c78       0x70 obj/hw_config.o
 .debug_aranges
                0x00000ce8       0x28 obj/startup_stm32f303xc.o
 .debug_aranges
                0x00000d10       0x20 /usr/lib/gcc/arm-none-eabi/12.2.0/libgcc.a(_arm_addsubdf3.o)
 .debug_aranges
                0x00000d30       0x20 /usr/lib/gcc/arm-none-eabi/12.2.0/libgcc.a(_arm_muldivdf3.o)
 .debug_aranges
                0x00000d50       0x20 /usr/lib/gcc/arm-none-eabi/12.2.0/libgcc.a(_arm_cmpdf2.o)
 .debug_aranges
                0x00000d70       0x20 /usr/lib/gcc/arm-none-eabi/12.2.0/libgcc.a(_arm_unorddf2.o)
 .debug_aranges
                0x00000d90       0x20 /usr/lib/gcc/arm-none-eabi/12.2.0/libgcc.a(_arm_truncdfsf2.o)
 .debug_aranges
                0x00000db0       0x20 /usr/lib/gcc/arm-none-eabi/12.2.0/libgcc.a(_arm_addsubsf3.o)
 .debug_aranges
                0x00000dd0       0x20 /usr/lib/gcc/arm-none-eabi/12.2.0/libgcc.a(_arm_muldivsf3.o)
 .debug_aranges
                0x00000df0       0x20 /usr/lib/gcc/arm-none-eabi/12.2.0/libgcc.a(_arm_cmpsf2.o)
 .debug_aranges
                0x00000e10       0x78 /usr/lib/gcc/arm-none-eabi/12.2.0/../../../../arm-none-eabi/lib/libc_nano.a(libc_a-findfp.o)
 .debug_aranges
                0x00000e88       0x18 /usr/lib/gcc/arm-none-eabi/12.2.0/../../../../arm-none-eabi/lib/libc_nano.a(libc_a-impure.o)
 .debug_aranges
                0x00000ea0       0x20 /usr/lib/gcc/arm-none-eabi/12.2.0/../../../../arm-none-eabi/lib/libc_nano.a(libc_a-errno.o)

.debug_rnglists
                0x00000000      0xbe7
 .debug_rnglists
                0x00000000       0x65 obj/main.o
 .debug_rnglists
                0x00000065       0x56 obj/stm32f30x_it.o
 .debug_rnglists
                0x000000bb       0x22 obj/system_stm32f30x.o
 .debug_rnglists
                0x000000dd       0x32 obj/stm32f3_discovery.o
 .debug_rnglists
                0x0000010f       0x58 obj/stm32f3_discovery_l3gd20.o
 .debug_rnglists
                0x00000167       0x70 obj/stm32f3_discovery_lsm303dlhc.o
 .debug_rnglists
                0x000001d7       0x2c obj/stm32f30x_misc.o
 .debug_rnglists
                0x00000203       0x6c obj/stm32f30x_syscfg.o
 .debug_rnglists
                0x0000026f       0x67 obj/stm32f30x_gpio.o
 .debug_rnglists
                0x000002d6      0x111 obj/stm32f30x_i2c.o
 .debug_rnglists
                0x000003e7      0x105 obj/stm32f30x_rcc.o
 .debug_rnglists
                0x000004ec       0xe3 obj/stm32f30x_spi.o
 .debug_rnglists
                0x000005cf       0x40 obj/stm32f30x_exti.o
 .debug_rnglists
                0x0000060f       0x14 obj/usb_istr.o
 .debug_rnglists
                0x00000623       0x6f obj/usb_prop.o
 .debug_rnglists
                0x00000692       0x2c obj/usb_pwr.o
 .debug_rnglists
                0x000006be       0x13 obj/usb_endp.o
 .debug_rnglists
                0x000006d1       0x89 obj/usb_core.o
 .debug_rnglists
                0x0000075a       0x13 obj/usb_init.o
 .debug_rnglists
                0x0000076d       0x1b obj/usb_int.o
 .debug_rnglists
                0x00000788       0x19 obj/usb_mem.o
 .debug_rnglists
                0x000007a1       0x1f obj/usb_sil.o
 .debug_rnglists
                0x000007c0      0x1e0 obj/usb_regs.o
 .debug_rnglists
                0x000009a0       0x50 obj/hw_config.o
 .debug_rnglists
                0x000009f0       0x19 obj/startup_stm32f303xc.o
 .debug_rnglists
                0x00000a09       0x14 /usr/lib/gcc/arm-none-eabi/12.2.0/../../../../arm-none-eabi/lib/libm.a(libm_a-w_acos.o)
 .debug_rnglists
                0x00000a1d       0x14 /usr/lib/gcc/arm-none-eabi/12.2.0/../../../../arm-none-eabi/lib/libm.a(libm_a-w_sqrt.o)
 .debug_rnglists
                0x00000a31       0x13 /usr/lib/gcc/arm-none-eabi/12.2.0/../../../../arm-none-eabi/lib/libm.a(libm_a-s_fabs.o)
 .debug_rnglists
                0x00000a44       0x13 /usr/lib/gcc/arm-none-eabi/12.2.0/../../../../arm-none-eabi/lib/libm.a(libm_a-wf_atan2.o)
 .debug_rnglists
                0x00000a57       0x13 /usr/lib/gcc/arm-none-eabi/12.2.0/../../../../arm-none-eabi/lib/libm.a(libm_a-s_nan.o)
 .debug_rnglists
                0x00000a6a       0x2c /usr/lib/gcc/arm-none-eabi/12.2.0/../../../../arm-none-eabi/lib/libm.a(libm_a-e_sqrt.o)
 .debug_rnglists
                0x00000a96       0x3b /usr/lib/gcc/arm-none-eabi/12.2.0/../../../../arm-none-eabi/lib/libm.a(libm_a-e_acos.o)
 .debug_rnglists
                0x00000ad1       0x38 /usr/lib/gcc/arm-none-eabi/12.2.0/../../../../arm-none-eabi/lib/libm.a(libm_a-ef_atan2.o)
 .debug_rnglists
                0x00000b09       0x20 /usr/lib/gcc/arm-none-eabi/12.2.0/../../../../arm-none-eabi/lib/libm.a(libm_a-sf_atan.o)
 .debug_rnglists
                0x00000b29       0x13 /usr/lib/gcc/arm-none-eabi/12.2.0/../../../../arm-none-eabi/lib/libm.a(libm_a-sf_fabs.o)
 .debug_rnglists
                0x00000b3c       0x98 /usr/lib/gcc/arm-none-eabi/12.2.0/../../../../arm-none-eabi/lib/libc_nano.a(libc_a-findfp.o)
 .debug_rnglists
                0x00000bd4       0x13 /usr/lib/gcc/arm-none-eabi/12.2.0/../../../../arm-none-eabi/lib/libc_nano.a(libc_a-errno.o)

.debug_macro    0x00000000    0x172a4
 .debug_macro   0x00000000      0x366 obj/main.o
 .debug_macro   0x00000366      0xab4 obj/main.o
 .debug_macro   0x00000e1a       0x76 obj/main.o
 .debug_macro   0x00000e90       0x3b obj/main.o
 .debug_macro   0x00000ecb       0x22 obj/main.o
 .debug_macro   0x00000eed       0x8e obj/main.o
 .debug_macro   0x00000f7b       0x51 obj/main.o
 .debug_macro   0x00000fcc      0x103 obj/main.o
 .debug_macro   0x000010cf       0x6a obj/main.o
 .debug_macro   0x00001139      0x1df obj/main.o
 .debug_macro   0x00001318       0x2d obj/main.o
 .debug_macro   0x00001345       0x26 obj/main.o
 .debug_macro   0x0000136b      0xd39 obj/main.o
 .debug_macro   0x000020a4     0xade5 obj/main.o
 .debug_macro   0x0000ce89      0x5a5 obj/main.o
 .debug_macro   0x0000d42e      0x3cf obj/main.o
 .debug_macro   0x0000d7fd       0x46 obj/main.o
 .debug_macro   0x0000d843      0x291 obj/main.o
 .debug_macro   0x0000dad4      0x1b5 obj/main.o
 .debug_macro   0x0000dc89       0x9a obj/main.o
 .debug_macro   0x0000dd23      0x3a6 obj/main.o
 .debug_macro   0x0000e0c9      0x111 obj/main.o
 .debug_macro   0x0000e1da      0x1dd obj/main.o
 .debug_macro   0x0000e3b7      0x1bd obj/main.o
 .debug_macro   0x0000e574      0x31e obj/main.o
 .debug_macro   0x0000e892      0x297 obj/main.o
 .debug_macro   0x0000eb29       0x70 obj/main.o
 .debug_macro   0x0000eb99      0x10a obj/main.o
 .debug_macro   0x0000eca3       0xb4 obj/main.o
 .debug_macro   0x0000ed57      0x707 obj/main.o
 .debug_macro   0x0000f45e      0x54f obj/main.o
 .debug_macro   0x0000f9ad      0x3a9 obj/main.o
 .debug_macro   0x0000fd56      0x902 obj/main.o
 .debug_macro   0x00010658      0x361 obj/main.o
 .debug_macro   0x000109b9       0x34 obj/main.o
 .debug_macro   0x000109ed       0x88 obj/main.o
 .debug_macro   0x00010a75       0x35 obj/main.o
 .debug_macro   0x00010aaa       0xd8 obj/main.o
 .debug_macro   0x00010b82       0x61 obj/main.o
 .debug_macro   0x00010be3       0x2a obj/main.o
 .debug_macro   0x00010c0d       0x43 obj/main.o
 .debug_macro   0x00010c50       0x34 obj/main.o
 .debug_macro   0x00010c84       0x16 obj/main.o
 .debug_macro   0x00010c9a       0x9e obj/main.o
 .debug_macro   0x00010d38      0x369 obj/main.o
 .debug_macro   0x000110a1      0x10b obj/main.o
 .debug_macro   0x000111ac       0x10 obj/main.o
 .debug_macro   0x000111bc       0x16 obj/main.o
 .debug_macro   0x000111d2       0x43 obj/main.o
 .debug_macro   0x00011215       0x34 obj/main.o
 .debug_macro   0x00011249       0x10 obj/main.o
 .debug_macro   0x00011259       0x58 obj/main.o
 .debug_macro   0x000112b1       0x8e obj/main.o
 .debug_macro   0x0001133f       0x1c obj/main.o
 .debug_macro   0x0001135b      0x177 obj/main.o
 .debug_macro   0x000114d2       0x16 obj/main.o
 .debug_macro   0x000114e8       0x16 obj/main.o
 .debug_macro   0x000114fe      0x146 obj/main.o
 .debug_macro   0x00011644      0x552 obj/main.o
 .debug_macro   0x00011b96      0x317 obj/main.o
 .debug_macro   0x00011ead       0x7c obj/main.o
 .debug_macro   0x00011f29       0x22 obj/main.o
 .debug_macro   0x00011f4b      0x454 obj/main.o
 .debug_macro   0x0001239f       0x28 obj/main.o
 .debug_macro   0x000123c7       0x5e obj/main.o
 .debug_macro   0x00012425       0x28 obj/main.o
 .debug_macro   0x0001244d      0x19b obj/main.o
 .debug_macro   0x000125e8      0x348 obj/stm32f30x_it.o
 .debug_macro   0x00012930      0x19d obj/system_stm32f30x.o
 .debug_macro   0x00012acd      0x1a0 obj/stm32f3_discovery.o
 .debug_macro   0x00012c6d       0xd2 obj/stm32f3_discovery.o
 .debug_macro   0x00012d3f      0x1a0 obj/stm32f3_discovery_l3gd20.o
 .debug_macro   0x00012edf      0x311 obj/stm32f3_discovery_l3gd20.o
 .debug_macro   0x000131f0      0x1a0 obj/stm32f3_discovery_lsm303dlhc.o
 .debug_macro   0x00013390      0x54c obj/stm32f3_discovery_lsm303dlhc.o
 .debug_macro   0x000138dc      0x1a1 obj/stm32f30x_misc.o
 .debug_macro   0x00013a7d       0x82 obj/stm32f30x_misc.o
 .debug_macro   0x00013aff      0x1cb obj/stm32f30x_syscfg.o
 .debug_macro   0x00013cca      0x318 obj/stm32f30x_syscfg.o
 .debug_macro   0x00013fe2      0x19b obj/stm32f30x_gpio.o
 .debug_macro   0x0001417d      0x1b7 obj/stm32f30x_gpio.o
 .debug_macro   0x00014334      0x1b9 obj/stm32f30x_i2c.o
 .debug_macro   0x000144ed      0x291 obj/stm32f30x_i2c.o
 .debug_macro   0x0001477e      0x237 obj/stm32f30x_rcc.o
 .debug_macro   0x000149b5      0x701 obj/stm32f30x_rcc.o
 .debug_macro   0x000150b6      0x1b0 obj/stm32f30x_spi.o
 .debug_macro   0x00015266      0x3a3 obj/stm32f30x_spi.o
 .debug_macro   0x00015609      0x1a1 obj/stm32f30x_exti.o
 .debug_macro   0x000157aa      0x10b obj/stm32f30x_exti.o
 .debug_macro   0x000158b5      0x22b obj/usb_istr.o
 .debug_macro   0x00015ae0       0x3a obj/usb_istr.o
 .debug_macro   0x00015b1a      0x22e obj/usb_prop.o
 .debug_macro   0x00015d48       0x6a obj/usb_prop.o
 .debug_macro   0x00015db2      0x21c obj/usb_pwr.o
 .debug_macro   0x00015fce      0x218 obj/usb_endp.o
 .debug_macro   0x000161e6      0x213 obj/usb_desc.o
 .debug_macro   0x000163f9      0x246 obj/usb_core.o
 .debug_macro   0x0001663f      0x20a obj/usb_init.o
 .debug_macro   0x00016849      0x20a obj/usb_int.o
 .debug_macro   0x00016a53      0x20a obj/usb_mem.o
 .debug_macro   0x00016c5d      0x20a obj/usb_sil.o
 .debug_macro   0x00016e67      0x20a obj/usb_regs.o
 .debug_macro   0x00017071      0x233 obj/hw_config.o

.debug_line     0x00000000     0xf993
 .debug_line    0x00000000      0xfdc obj/main.o
 .debug_line    0x00000fdc      0x882 obj/stm32f30x_it.o
 .debug_line    0x0000185e      0x61c obj/system_stm32f30x.o
 .debug_line    0x00001e7a      0x5b5 obj/stm32f3_discovery.o
 .debug_line    0x0000242f      0x730 obj/stm32f3_discovery_l3gd20.o
 .debug_line    0x00002b5f      0x8b1 obj/stm32f3_discovery_lsm303dlhc.o
 .debug_line    0x00003410      0x677 obj/stm32f30x_misc.o
 .debug_line    0x00003a87      0x9e0 obj/stm32f30x_syscfg.o
 .debug_line    0x00004467      0xbcb obj/stm32f30x_gpio.o
 .debug_line    0x00005032     0x10cf obj/stm32f30x_i2c.o
 .debug_line    0x00006101     0x13c2 obj/stm32f30x_rcc.o
 .debug_line    0x000074c3     0x10fe obj/stm32f30x_spi.o
 .debug_line    0x000085c1      0x955 obj/stm32f30x_exti.o
 .debug_line    0x00008f16      0x620 obj/usb_istr.o
 .debug_line    0x00009536      0x7fb obj/usb_prop.o
 .debug_line    0x00009d31      0x6a8 obj/usb_pwr.o
 .debug_line    0x0000a3d9      0x594 obj/usb_endp.o
 .debug_line    0x0000a96d      0x56f obj/usb_desc.o
 .debug_line    0x0000aedc      0xe68 obj/usb_core.o
 .debug_line    0x0000bd44      0x58b obj/usb_init.o
 .debug_line    0x0000c2cf      0x6ee obj/usb_int.o
 .debug_line    0x0000c9bd      0x638 obj/usb_mem.o
 .debug_line    0x0000cff5      0x5c0 obj/usb_sil.o
 .debug_line    0x0000d5b5      0xcf3 obj/usb_regs.o
 .debug_line    0x0000e2a8      0x802 obj/hw_config.o
 .debug_line    0x0000eaaa       0x76 obj/startup_stm32f303xc.o
 .debug_line    0x0000eb20      0x158 /usr/lib/gcc/arm-none-eabi/12.2.0/libgcc.a(_arm_addsubdf3.o)
 .debug_line    0x0000ec78      0x167 /usr/lib/gcc/arm-none-eabi/12.2.0/libgcc.a(_arm_muldivdf3.o)
 .debug_line    0x0000eddf       0x9a /usr/lib/gcc/arm-none-eabi/12.2.0/libgcc.a(_arm_cmpdf2.o)
 .debug_line    0x0000ee79       0x57 /usr/lib/gcc/arm-none-eabi/12.2.0/libgcc.a(_arm_unorddf2.o)
 .debug_line    0x0000eed0       0x71 /usr/lib/gcc/arm-none-eabi/12.2.0/libgcc.a(_arm_truncdfsf2.o)
 .debug_line    0x0000ef41       0xff /usr/lib/gcc/arm-none-eabi/12.2.0/libgcc.a(_arm_addsubsf3.o)
 .debug_line    0x0000f040      0x109 /usr/lib/gcc/arm-none-eabi/12.2.0/libgcc.a(_arm_muldivsf3.o)
 .debug_line    0x0000f149       0x8e /usr/lib/gcc/arm-none-eabi/12.2.0/libgcc.a(_arm_cmpsf2.o)
 .debug_line    0x0000f1d7      0x59c /usr/lib/gcc/arm-none-eabi/12.2.0/../../../../arm-none-eabi/lib/libc_nano.a(libc_a-findfp.o)
 .debug_line    0x0000f773       0xff /usr/lib/gcc/arm-none-eabi/12.2.0/../../../../arm-none-eabi/lib/libc_nano.a(libc_a-impure.o)
 .debug_line    0x0000f872      0x121 /usr/lib/gcc/arm-none-eabi/12.2.0/../../../../arm-none-eabi/lib/libc_nano.a(libc_a-errno.o)

.debug_str      0x00000000    0x7979a
 .debug_str     0x00000000    0x74fe0 obj/main.o
                              0x75305 (size before relaxing)
 .debug_str     0x00074fe0      0x1a6 obj/stm32f30x_it.o
                              0x7463d (size before relaxing)
 .debug_str     0x00075186      0x126 obj/system_stm32f30x.o
                              0x6af78 (size before relaxing)
 .debug_str     0x000752ac      0x414 obj/stm32f3_discovery.o
                              0x6bae3 (size before relaxing)
 .debug_str     0x000756c0      0x36d obj/stm32f3_discovery_l3gd20.o
                              0x6c3d7 (size before relaxing)
 .debug_str     0x00075a2d      0x375 obj/stm32f3_discovery_lsm303dlhc.o
                              0x6d2b7 (size before relaxing)
 .debug_str     0x00075da2      0x155 obj/stm32f30x_misc.o
                              0x6b0b0 (size before relaxing)
 .debug_str     0x00075ef7      0x470 obj/stm32f30x_syscfg.o
                              0x6b2eb (size before relaxing)
 .debug_str     0x00076367      0x182 obj/stm32f30x_gpio.o
                              0x6b184 (size before relaxing)
 .debug_str     0x000764e9      0x477 obj/stm32f30x_i2c.o
                              0x6b3d8 (size before relaxing)
 .debug_str     0x00076960      0x88a obj/stm32f30x_rcc.o
                              0x6b9c2 (size before relaxing)
 .debug_str     0x000771ea      0x3f8 obj/stm32f30x_spi.o
                              0x6b5be (size before relaxing)
 .debug_str     0x000775e2      0x139 obj/stm32f30x_exti.o
                              0x6b05f (size before relaxing)
 .debug_str     0x0007771b      0x267 obj/usb_istr.o
                              0x6d4b1 (size before relaxing)
 .debug_str     0x00077982      0x8e9 obj/usb_prop.o
                              0x6ddd8 (size before relaxing)
 .debug_str     0x0007826b       0x7b obj/usb_pwr.o
                              0x6d354 (size before relaxing)
 .debug_str     0x000782e6        0xb obj/usb_endp.o
                              0x6d14f (size before relaxing)
 .debug_str     0x000782f1        0xb obj/usb_desc.o
                              0x6d3bd (size before relaxing)
 .debug_str     0x000782fc      0x537 obj/usb_core.o
                              0x6dc34 (size before relaxing)
 .debug_str     0x00078833       0x1d obj/usb_init.o
                              0x6d4df (size before relaxing)
 .debug_str     0x00078850       0x18 obj/usb_int.o
                              0x6d1c6 (size before relaxing)
 .debug_str     0x00078868       0x3a obj/usb_mem.o
                              0x6d19f (size before relaxing)
 .debug_str     0x000788a2       0x60 obj/usb_sil.o
                              0x6d207 (size before relaxing)
 .debug_str     0x00078902      0x306 obj/usb_regs.o
                              0x6d527 (size before relaxing)
 .debug_str     0x00078c08       0x87 obj/hw_config.o
                              0x6e3b1 (size before relaxing)
 .debug_str     0x00078c8f       0x4e obj/startup_stm32f303xc.o
                                 0x9b (size before relaxing)
 .debug_str     0x00078cdd      0x149 /usr/lib/gcc/arm-none-eabi/12.2.0/libgcc.a(_arm_addsubdf3.o)
 .debug_str     0x00078e26       0x2c /usr/lib/gcc/arm-none-eabi/12.2.0/libgcc.a(_arm_muldivdf3.o)
                                 0xbb (size before relaxing)
 .debug_str     0x00078e52       0xb5 /usr/lib/gcc/arm-none-eabi/12.2.0/libgcc.a(_arm_cmpdf2.o)
                                0x144 (size before relaxing)
 .debug_str     0x00078f07       0x1a /usr/lib/gcc/arm-none-eabi/12.2.0/libgcc.a(_arm_unorddf2.o)
                                 0xa9 (size before relaxing)
 .debug_str     0x00078f21       0x19 /usr/lib/gcc/arm-none-eabi/12.2.0/libgcc.a(_arm_truncdfsf2.o)
                                 0xa8 (size before relaxing)
 .debug_str     0x00078f3a       0xe7 /usr/lib/gcc/arm-none-eabi/12.2.0/libgcc.a(_arm_addsubsf3.o)
                                0x12f (size before relaxing)
 .debug_str     0x00079021       0x2c /usr/lib/gcc/arm-none-eabi/12.2.0/libgcc.a(_arm_muldivsf3.o)
                                 0xbb (size before relaxing)
 .debug_str     0x0007904d       0xb5 /usr/lib/gcc/arm-none-eabi/12.2.0/libgcc.a(_arm_cmpsf2.o)
                                0x144 (size before relaxing)
 .debug_str     0x00079102      0x61d /usr/lib/gcc/arm-none-eabi/12.2.0/../../../../arm-none-eabi/lib/libc_nano.a(libc_a-findfp.o)
                                0x73c (size before relaxing)
 .debug_str     0x0007971f       0x3a /usr/lib/gcc/arm-none-eabi/12.2.0/../../../../arm-none-eabi/lib/libc_nano.a(libc_a-impure.o)
                                0x4b9 (size before relaxing)
 .debug_str     0x00079759       0x41 /usr/lib/gcc/arm-none-eabi/12.2.0/../../../../arm-none-eabi/lib/libc_nano.a(libc_a-errno.o)
                                0x4b3 (size before relaxing)

.comment        0x00000000       0x1e
 .comment       0x00000000       0x1e obj/main.o
                                 0x1f (size before relaxing)
 .comment       0x0000001e       0x1f obj/stm32f30x_it.o
 .comment       0x0000001e       0x1f obj/system_stm32f30x.o
 .comment       0x0000001e       0x1f obj/stm32f3_discovery.o
 .comment       0x0000001e       0x1f obj/stm32f3_discovery_l3gd20.o
 .comment       0x0000001e       0x1f obj/stm32f3_discovery_lsm303dlhc.o
 .comment       0x0000001e       0x1f obj/stm32f30x_misc.o
 .comment       0x0000001e       0x1f obj/stm32f30x_syscfg.o
 .comment       0x0000001e       0x1f obj/stm32f30x_gpio.o
 .comment       0x0000001e       0x1f obj/stm32f30x_i2c.o
 .comment       0x0000001e       0x1f obj/stm32f30x_rcc.o
 .comment       0x0000001e       0x1f obj/stm32f30x_spi.o
 .comment       0x0000001e       0x1f obj/stm32f30x_exti.o
 .comment       0x0000001e       0x1f obj/usb_istr.o
 .comment       0x0000001e       0x1f obj/usb_prop.o
 .comment       0x0000001e       0x1f obj/usb_pwr.o
 .comment       0x0000001e       0x1f obj/usb_endp.o
 .comment       0x0000001e       0x1f obj/usb_desc.o
 .comment       0x0000001e       0x1f obj/usb_core.o
 .comment       0x0000001e       0x1f obj/usb_init.o
 .comment       0x0000001e       0x1f obj/usb_int.o
 .comment       0x0000001e       0x1f obj/usb_mem.o
 .comment       0x0000001e       0x1f obj/usb_sil.o
 .comment       0x0000001e       0x1f obj/usb_regs.o
 .comment       0x0000001e       0x1f obj/hw_config.o
 .comment       0x0000001e       0x1f /usr/lib/gcc/arm-none-eabi/12.2.0/../../../../arm-none-eabi/lib/libc_nano.a(libc_a-findfp.o)
 .comment       0x0000001e       0x1f /usr/lib/gcc/arm-none-eabi/12.2.0/../../../../arm-none-eabi/lib/libc_nano.a(libc_a-impure.o)
 .comment       0x0000001e       0x1f /usr/lib/gcc/arm-none-eabi/12.2.0/../../../../arm-none-eabi/lib/libc_nano.a(libc_a-errno.o)

.debug_frame    0x00000000     0x38f4
 .debug_frame   0x00000000      0x1f0 obj/main.o
 .debug_frame   0x000001f0      0x160 obj/stm32f30x_it.o
 .debug_frame   0x00000350       0x7c obj/system_stm32f30x.o
 .debug_frame   0x000003cc       0xf4 obj/stm32f3_discovery.o
 .debug_frame   0x000004c0      0x1c0 obj/stm32f3_discovery_l3gd20.o
 .debug_frame   0x00000680      0x258 obj/stm32f3_discovery_lsm303dlhc.o
 .debug_frame   0x000008d8       0xc4 obj/stm32f30x_misc.o
 .debug_frame   0x0000099c      0x224 obj/stm32f30x_syscfg.o
 .debug_frame   0x00000bc0      0x1ec obj/stm32f30x_gpio.o
 .debug_frame   0x00000dac      0x5fc obj/stm32f30x_i2c.o
 .debug_frame   0x000013a8      0x5a8 obj/stm32f30x_rcc.o
 .debug_frame   0x00001950      0x4a8 obj/stm32f30x_spi.o
 .debug_frame   0x00001df8      0x134 obj/stm32f30x_exti.o
 .debug_frame   0x00001f2c       0x2c obj/usb_istr.o
 .debug_frame   0x00001f58      0x244 obj/usb_prop.o
 .debug_frame   0x0000219c       0xbc obj/usb_pwr.o
 .debug_frame   0x00002258       0x30 obj/usb_endp.o
 .debug_frame   0x00002288      0x2b8 obj/usb_core.o
 .debug_frame   0x00002540       0x2c obj/usb_init.o
 .debug_frame   0x0000256c       0x5c obj/usb_int.o
 .debug_frame   0x000025c8       0x60 obj/usb_mem.o
 .debug_frame   0x00002628       0x78 obj/usb_sil.o
 .debug_frame   0x000026a0      0x91c obj/usb_regs.o
 .debug_frame   0x00002fbc      0x190 obj/hw_config.o
 .debug_frame   0x0000314c       0x38 /usr/lib/gcc/arm-none-eabi/12.2.0/../../../../arm-none-eabi/lib/libm.a(libm_a-w_acos.o)
 .debug_frame   0x00003184       0x44 /usr/lib/gcc/arm-none-eabi/12.2.0/../../../../arm-none-eabi/lib/libm.a(libm_a-w_sqrt.o)
 .debug_frame   0x000031c8       0x20 /usr/lib/gcc/arm-none-eabi/12.2.0/../../../../arm-none-eabi/lib/libm.a(libm_a-s_fabs.o)
 .debug_frame   0x000031e8       0x2c /usr/lib/gcc/arm-none-eabi/12.2.0/../../../../arm-none-eabi/lib/libm.a(libm_a-wf_atan2.o)
 .debug_frame   0x00003214       0x20 /usr/lib/gcc/arm-none-eabi/12.2.0/../../../../arm-none-eabi/lib/libm.a(libm_a-s_nan.o)
 .debug_frame   0x00003234       0x5c /usr/lib/gcc/arm-none-eabi/12.2.0/../../../../arm-none-eabi/lib/libm.a(libm_a-e_sqrt.o)
 .debug_frame   0x00003290       0xa8 /usr/lib/gcc/arm-none-eabi/12.2.0/../../../../arm-none-eabi/lib/libm.a(libm_a-e_acos.o)
 .debug_frame   0x00003338       0x48 /usr/lib/gcc/arm-none-eabi/12.2.0/../../../../arm-none-eabi/lib/libm.a(libm_a-ef_atan2.o)
 .debug_frame   0x00003380       0x6c /usr/lib/gcc/arm-none-eabi/12.2.0/../../../../arm-none-eabi/lib/libm.a(libm_a-sf_atan.o)
 .debug_frame   0x000033ec       0x20 /usr/lib/gcc/arm-none-eabi/12.2.0/../../../../arm-none-eabi/lib/libm.a(libm_a-sf_fabs.o)
 .debug_frame   0x0000340c       0xac /usr/lib/gcc/arm-none-eabi/12.2.0/libgcc.a(_arm_addsubdf3.o)
 .debug_frame   0x000034b8       0x50 /usr/lib/gcc/arm-none-eabi/12.2.0/libgcc.a(_arm_muldivdf3.o)
 .debug_frame   0x00003508       0xc4 /usr/lib/gcc/arm-none-eabi/12.2.0/libgcc.a(_arm_cmpdf2.o)
 .debug_frame   0x000035cc       0x20 /usr/lib/gcc/arm-none-eabi/12.2.0/libgcc.a(_arm_unorddf2.o)
 .debug_frame   0x000035ec       0x24 /usr/lib/gcc/arm-none-eabi/12.2.0/libgcc.a(_arm_truncdfsf2.o)
 .debug_frame   0x00003610       0x4c /usr/lib/gcc/arm-none-eabi/12.2.0/libgcc.a(_arm_addsubsf3.o)
 .debug_frame   0x0000365c       0x38 /usr/lib/gcc/arm-none-eabi/12.2.0/libgcc.a(_arm_muldivsf3.o)
 .debug_frame   0x00003694       0xc8 /usr/lib/gcc/arm-none-eabi/12.2.0/libgcc.a(_arm_cmpsf2.o)
 .debug_frame   0x0000375c      0x178 /usr/lib/gcc/arm-none-eabi/12.2.0/../../../../arm-none-eabi/lib/libc_nano.a(libc_a-findfp.o)
 .debug_frame   0x000038d4       0x20 /usr/lib/gcc/arm-none-eabi/12.2.0/../../../../arm-none-eabi/lib/libc_nano.a(libc_a-errno.o)

.debug_line_str
                0x00000000      0x111
 .debug_line_str
                0x00000000       0x81 obj/startup_stm32f303xc.o
 .debug_line_str
                0x00000081       0x83 /usr/lib/gcc/arm-none-eabi/12.2.0/libgcc.a(_arm_addsubdf3.o)
 .debug_line_str
                0x00000104       0x83 /usr/lib/gcc/arm-none-eabi/12.2.0/libgcc.a(_arm_muldivdf3.o)
 .debug_line_str
                0x00000104       0x83 /usr/lib/gcc/arm-none-eabi/12.2.0/libgcc.a(_arm_cmpdf2.o)
 .debug_line_str
                0x00000104       0x83 /usr/lib/gcc/arm-none-eabi/12.2.0/libgcc.a(_arm_unorddf2.o)
 .debug_line_str
                0x00000104       0x83 /usr/lib/gcc/arm-none-eabi/12.2.0/libgcc.a(_arm_truncdfsf2.o)
 .debug_line_str
                0x00000104        0xd /usr/lib/gcc/arm-none-eabi/12.2.0/libgcc.a(_arm_addsubsf3.o)
                                 0x83 (size before relaxing)
 .debug_line_str
                0x00000111       0x83 /usr/lib/gcc/arm-none-eabi/12.2.0/libgcc.a(_arm_muldivsf3.o)
 .debug_line_str
                0x00000111       0x83 /usr/lib/gcc/arm-none-eabi/12.2.0/libgcc.a(_arm_cmpsf2.o)

.debug_loclists
                0x00000000     0x1549
 .debug_loclists
                0x00000000       0x3b /usr/lib/gcc/arm-none-eabi/12.2.0/../../../../arm-none-eabi/lib/libm.a(libm_a-w_acos.o)
 .debug_loclists
                0x0000003b       0x49 /usr/lib/gcc/arm-none-eabi/12.2.0/../../../../arm-none-eabi/lib/libm.a(libm_a-w_sqrt.o)
 .debug_loclists
                0x00000084       0x1c /usr/lib/gcc/arm-none-eabi/12.2.0/../../../../arm-none-eabi/lib/libm.a(libm_a-s_fabs.o)
 .debug_loclists
                0x000000a0       0x3e /usr/lib/gcc/arm-none-eabi/12.2.0/../../../../arm-none-eabi/lib/libm.a(libm_a-wf_atan2.o)
 .debug_loclists
                0x000000de       0x23 /usr/lib/gcc/arm-none-eabi/12.2.0/../../../../arm-none-eabi/lib/libm.a(libm_a-s_nan.o)
 .debug_loclists
                0x00000101      0x3be /usr/lib/gcc/arm-none-eabi/12.2.0/../../../../arm-none-eabi/lib/libm.a(libm_a-e_sqrt.o)
 .debug_loclists
                0x000004bf      0x5bc /usr/lib/gcc/arm-none-eabi/12.2.0/../../../../arm-none-eabi/lib/libm.a(libm_a-e_acos.o)
 .debug_loclists
                0x00000a7b      0x43c /usr/lib/gcc/arm-none-eabi/12.2.0/../../../../arm-none-eabi/lib/libm.a(libm_a-ef_atan2.o)
 .debug_loclists
                0x00000eb7      0x3ba /usr/lib/gcc/arm-none-eabi/12.2.0/../../../../arm-none-eabi/lib/libm.a(libm_a-sf_atan.o)
 .debug_loclists
                0x00001271       0x57 /usr/lib/gcc/arm-none-eabi/12.2.0/../../../../arm-none-eabi/lib/libm.a(libm_a-sf_fabs.o)
 .debug_loclists
                0x000012c8      0x281 /usr/lib/gcc/arm-none-eabi/12.2.0/../../../../arm-none-eabi/lib/libc_nano.a(libc_a-findfp.o)
